Component: ARM Compiler 5.05 update 1 (build 106) Tool: armlink [4d0efa]

==============================================================================

Section Cross References

    main.o(i.TIM3_IRQHandler) refers to stm32f10x_tim.o(i.TIM_GetITStatus) for TIM_GetITStatus
    main.o(i.TIM3_IRQHandler) refers to stm32f10x_tim.o(i.TIM_ClearITPendingBit) for TIM_ClearITPendingBit
    main.o(i.TIM5_IRQHandler) refers to fdc2214.o(i.Cap_Calculate) for Cap_Calculate
    main.o(i.TIM5_IRQHandler) refers to main.o(.data) for .data
    main.o(i.getmid) refers to fdiv.o(x$fpl$fdiv) for __aeabi_fdiv
    main.o(i.getmid) refers to fmul.o(x$fpl$fmul) for __aeabi_fmul
    main.o(i.getmid) refers to delay.o(i.delay_ms) for delay_ms
    main.o(i.getmid) refers to fleqf.o(x$fpl$fleqf) for __aeabi_cfcmple
    main.o(i.getmid) refers to ffix.o(x$fpl$ffix) for __aeabi_f2iz
    main.o(i.getmid) refers to fflt_clz.o(x$fpl$fflt) for __aeabi_i2f
    main.o(i.getmid) refers to main.o(.data) for .data
    main.o(i.getmid) refers to main.o(.bss) for .bss
    main.o(i.main) refers to _printf_percent.o(.ARM.Collect$$_printf_percent$$00000000) for _printf_percent
    main.o(i.main) refers to _printf_d.o(.ARM.Collect$$_printf_percent$$00000009) for _printf_d
    main.o(i.main) refers to _printf_dec.o(.text) for _printf_int_dec
    main.o(i.main) refers to _printf_pad.o(.text) for _printf_pre_padding
    main.o(i.main) refers to _printf_f.o(.ARM.Collect$$_printf_percent$$00000003) for _printf_f
    main.o(i.main) refers to printf1.o(x$fpl$printf1) for _printf_fp_dec
    main.o(i.main) refers to delay.o(i.delay_init) for delay_init
    main.o(i.main) refers to misc.o(i.NVIC_PriorityGroupConfig) for NVIC_PriorityGroupConfig
    main.o(i.main) refers to usart.o(i.uart_init) for uart_init
    main.o(i.main) refers to oled.o(i.OLED_Init) for OLED_Init
    main.o(i.main) refers to led.o(i.LED_Init) for LED_Init
    main.o(i.main) refers to key.o(i.KEY_Init) for KEY_Init
    main.o(i.main) refers to fdc2214.o(i.FDC2214_Init) for FDC2214_Init
    main.o(i.main) refers to fdc2214.o(i.Cap_Calculate) for Cap_Calculate
    main.o(i.main) refers to timer.o(i.TIM5_Ctrl_Init) for TIM5_Ctrl_Init
    main.o(i.main) refers to noretval__2printf.o(.text) for __2printf
    main.o(i.main) refers to stm32f10x_gpio.o(i.GPIO_ReadInputDataBit) for GPIO_ReadInputDataBit
    main.o(i.main) refers to main.o(i.getmid) for getmid
    main.o(i.main) refers to faddsub_clz.o(x$fpl$fsub) for __aeabi_fsub
    main.o(i.main) refers to fmul.o(x$fpl$fmul) for __aeabi_fmul
    main.o(i.main) refers to fleqf.o(x$fpl$fleqf) for __aeabi_cfcmple
    main.o(i.main) refers to f2d.o(x$fpl$f2d) for __aeabi_f2d
    main.o(i.main) refers to main.o(.data) for .data
    main.o(i.main) refers to main.o(.bss) for .bss
    main.o(i.main) refers to main.o(.conststring) for .conststring
    system_stm32f10x.o(i.SetSysClock) refers to system_stm32f10x.o(i.SetSysClockTo72) for SetSysClockTo72
    system_stm32f10x.o(i.SystemCoreClockUpdate) refers to system_stm32f10x.o(.data) for .data
    system_stm32f10x.o(i.SystemInit) refers to system_stm32f10x.o(i.SetSysClock) for SetSysClock
    delay.o(i.delay_init) refers to misc.o(i.SysTick_CLKSourceConfig) for SysTick_CLKSourceConfig
    delay.o(i.delay_init) refers to system_stm32f10x.o(.data) for SystemCoreClock
    delay.o(i.delay_init) refers to delay.o(.data) for .data
    delay.o(i.delay_ms) refers to delay.o(.data) for .data
    delay.o(i.delay_us) refers to delay.o(.data) for .data
    usart.o(i.USART1_IRQHandler) refers (Special) to use_no_semi_2.o(.text) for __use_no_semihosting
    usart.o(i.USART1_IRQHandler) refers to stm32f10x_usart.o(i.USART_GetITStatus) for USART_GetITStatus
    usart.o(i.USART1_IRQHandler) refers to stm32f10x_usart.o(i.USART_ReceiveData) for USART_ReceiveData
    usart.o(i.USART1_IRQHandler) refers to usart.o(.data) for .data
    usart.o(i.USART1_IRQHandler) refers to usart.o(.bss) for .bss
    usart.o(i.USART1_Send_Byte) refers (Special) to use_no_semi_2.o(.text) for __use_no_semihosting
    usart.o(i.USART1_Send_Byte) refers to stm32f10x_usart.o(i.USART_SendData) for USART_SendData
    usart.o(i._sys_exit) refers (Special) to use_no_semi_2.o(.text) for __use_no_semihosting
    usart.o(i.fputc) refers (Special) to use_no_semi_2.o(.text) for __use_no_semihosting
    usart.o(i.uart_init) refers (Special) to use_no_semi_2.o(.text) for __use_no_semihosting
    usart.o(i.uart_init) refers to stm32f10x_rcc.o(i.RCC_APB2PeriphClockCmd) for RCC_APB2PeriphClockCmd
    usart.o(i.uart_init) refers to stm32f10x_gpio.o(i.GPIO_Init) for GPIO_Init
    usart.o(i.uart_init) refers to misc.o(i.NVIC_Init) for NVIC_Init
    usart.o(i.uart_init) refers to stm32f10x_usart.o(i.USART_Init) for USART_Init
    usart.o(i.uart_init) refers to stm32f10x_usart.o(i.USART_ITConfig) for USART_ITConfig
    usart.o(i.uart_init) refers to stm32f10x_usart.o(i.USART_Cmd) for USART_Cmd
[...]
    ../clib/armsys.c                         0x00000000   Number         0  argv_veneer.o ABSOLUTE
    ../clib/armsys.c                         0x00000000   Number         0  argv_veneer.o ABSOLUTE
    ../clib/bigflt.c                         0x00000000   Number         0  bigflt0.o ABSOLUTE
    ../clib/btod.s                           0x00000000   Number         0  btod.o ABSOLUTE
    ../clib/heapalloc.c                      0x00000000   Number         0  hrguard.o ABSOLUTE
    ../clib/heapaux.c                        0x00000000   Number         0  heapauxi.o ABSOLUTE
    ../clib/libinit.s                        0x00000000   Number         0  libshutdown2.o ABSOLUTE
    ../clib/libinit.s                        0x00000000   Number         0  libinit.o ABSOLUTE
    ../clib/libinit.s                        0x00000000   Number         0  libinit2.o ABSOLUTE
    ../clib/libinit.s                        0x00000000   Number         0  libshutdown.o ABSOLUTE
    ../clib/locale.s                         0x00000000   Number         0  lc_numeric_c.o ABSOLUTE
    ../clib/longlong.s                       0x00000000   Number         0  lludiv10.o ABSOLUTE
    ../clib/memcpset.s                       0x00000000   Number         0  strcmpv7m.o ABSOLUTE
    ../clib/misc.s                           0x00000000   Number         0  printf_stubs.o ABSOLUTE
    ../clib/printf.c                         0x00000000   Number         0  noretval__2printf.o ABSOLUTE
    ../clib/printf.c                         0x00000000   Number         0  __2printf.o ABSOLUTE
    ../clib/printf.c                         0x00000000   Number         0  _printf_hex_int_ll.o ABSOLUTE
    ../clib/printf.c                         0x00000000   Number         0  _printf_char_file.o ABSOLUTE
    ../clib/printf.c                         0x00000000   Number         0  __printf_ss_wp.o ABSOLUTE
    ../clib/printf.c                         0x00000000   Number         0  _printf_char_common.o ABSOLUTE
    ../clib/printf.c                         0x00000000   Number         0  __printf_flags_ss_wp.o ABSOLUTE
    ../clib/printf.c                         0x00000000   Number         0  __printf_ss.o ABSOLUTE
    ../clib/printf.c                         0x00000000   Number         0  __printf_flags_wp.o ABSOLUTE
    ../clib/printf.c                         0x00000000   Number         0  _printf_hex_int.o ABSOLUTE
    ../clib/printf.c                         0x00000000   Number         0  _printf_hex_ll.o ABSOLUTE
    ../clib/printf.c                         0x00000000   Number         0  _printf_fp_dec.o ABSOLUTE
    ../clib/printf.c                         0x00000000   Number         0  _printf_intcommon.o ABSOLUTE
    ../clib/printf.c                         0x00000000   Number         0  _printf_pad.o ABSOLUTE
    ../clib/printf.c                         0x00000000   Number         0  __printf.o ABSOLUTE
    ../clib/printf.c                         0x00000000   Number         0  __printf_nopercent.o ABSOLUTE
    ../clib/printf.c                         0x00000000   Number         0  _printf_hex_int_ptr.o ABSOLUTE
    ../clib/printf.c                         0x00000000   Number         0  _printf_hex_int_ll_ptr.o ABSOLUTE
    ../clib/printf.c                         0x00000000   Number         0  __printf_flags.o ABSOLUTE
    ../clib/printf.c                         0x00000000   Number         0  __printf_flags_ss.o ABSOLUTE
    ../clib/printf.c                         0x00000000   Number         0  _printf_dec.o ABSOLUTE
    ../clib/printf.c                         0x00000000   Number         0  _printf_fp_infnan.o ABSOLUTE
    ../clib/printf.c                         0x00000000   Number         0  _printf_hex_ptr.o ABSOLUTE
    ../clib/printf.c                         0x00000000   Number         0  __printf_wp.o ABSOLUTE
    ../clib/printf.c                         0x00000000   Number         0  _printf_hex_ll_ptr.o ABSOLUTE
    ../clib/printf_percent.s                 0x00000000   Number         0  _printf_x.o ABSOLUTE
    ../clib/printf_percent.s                 0x00000000   Number         0  _printf_percent.o ABSOLUTE
    ../clib/printf_percent.s                 0x00000000   Number         0  _printf_f.o ABSOLUTE
    ../clib/printf_percent.s                 0x00000000   Number         0  _printf_d.o ABSOLUTE
    ../clib/printf_percent.s                 0x00000000   Number         0  _printf_percent_end.o ABSOLUTE
    ../clib/signal.c                         0x00000000   Number         0  defsig_rtmem_formal.o ABSOLUTE
    ../clib/signal.c                         0x00000000   Number         0  defsig_rtmem_outer.o ABSOLUTE
    ../clib/signal.c                         0x00000000   Number         0  defsig_fpe_inner.o ABSOLUTE
    ../clib/signal.c                         0x00000000   Number         0  __raise.o ABSOLUTE
    ../clib/signal.c                         0x00000000   Number         0  defsig_general.o ABSOLUTE
    ../clib/signal.c                         0x00000000   Number         0  defsig_rtmem_inner.o ABSOLUTE
    ../clib/signal.c                         0x00000000   Number         0  defsig_abrt_inner.o ABSOLUTE
    ../clib/signal.c                         0x00000000   Number         0  defsig_rtred_inner.o ABSOLUTE
    ../clib/signal.c                         0x00000000   Number         0  defsig_stak_inner.o ABSOLUTE
    ../clib/signal.c                         0x00000000   Number         0  defsig_pvfn_inner.o ABSOLUTE
    ../clib/signal.c                         0x00000000   Number         0  defsig_cppl_inner.o ABSOLUTE
    ../clib/signal.c                         0x00000000   Number         0  defsig_segv_inner.o ABSOLUTE
    ../clib/signal.c                         0x00000000   Number         0  defsig_other.o ABSOLUTE
    ../clib/signal.c                         0x00000000   Number         0  defsig_exit.o ABSOLUTE
    ../clib/signal.s                         0x00000000   Number         0  defsig.o ABSOLUTE
    ../clib/stdio.c                          0x00000000   Number         0  ferror_locked.o ABSOLUTE
    ../clib/stdio.c                          0x00000000   Number         0  ferror.o ABSOLUTE
    ../clib/stdlib.c                         0x00000000   Number         0  exit.o ABSOLUTE
    ../fplib/d2f.s                           0x00000000   Number         0  d2f.o ABSOLUTE
    ../fplib/daddsub.s                       0x00000000   Number         0  daddsub_clz.o ABSOLUTE
    ../fplib/dcmpi.s                         0x00000000   Number         0  dcmpi.o ABSOLUTE
    ../fplib/ddiv.s                          0x00000000   Number         0  ddiv.o ABSOLUTE
    ../fplib/dfix.s                          0x00000000   Number         0  dfix.o ABSOLUTE
    ../fplib/dfixu.s                         0x00000000   Number         0  dfixu.o ABSOLUTE
    ../fplib/dflt.s                          0x00000000   Number         0  dflt_clz.o ABSOLUTE
    ../fplib/dleqf.s                         0x00000000   Number         0  dleqf.o ABSOLUTE
    ../fplib/dmul.s                          0x00000000   Number         0  dmul.o ABSOLUTE
    ../fplib/dnaninf.s                       0x00000000   Number         0  dnaninf.o ABSOLUTE
    ../fplib/dretinf.s                       0x00000000   Number         0  dretinf.o ABSOLUTE
    ../fplib/f2d.s                           0x00000000   Number         0  f2d.o ABSOLUTE
    ../fplib/faddsub.s                       0x00000000   Number         0  faddsub_clz.o ABSOLUTE
    ../fplib/fcmpi.s                         0x00000000   Number         0  fcmpi.o ABSOLUTE
    ../fplib/fdiv.s                          0x00000000   Number         0  fdiv.o ABSOLUTE
    ../fplib/ffix.s                          0x00000000   Number         0  ffix.o ABSOLUTE
    ../fplib/fflt.s                          0x00000000   Number         0  fflt_clz.o ABSOLUTE
    ../fplib/fleqf.s                         0x00000000   Number         0  fleqf.o ABSOLUTE
    ../fplib/fmul.s                          0x00000000   Number         0  fmul.o ABSOLUTE
    ../fplib/fnaninf.s                       0x00000000   Number         0  fnaninf.o ABSOLUTE
    ../fplib/fpinit.s                        0x00000000   Number         0  fpinit.o ABSOLUTE
    ../fplib/fretinf.s                       0x00000000   Number         0  fretinf.o ABSOLUTE
    ../fplib/istatus.s                       0x00000000   Number         0  istatus.o ABSOLUTE
    ../fplib/printf1.s                       0x00000000   Number         0  printf1.o ABSOLUTE
    ../fplib/usenofp.s                       0x00000000   Number         0  usenofp.o ABSOLUTE
    ../mathlib/fpclassify.c                  0x00000000   Number         0  fpclassify.o ABSOLUTE
    ..\CORE\core_cm3.c                       0x00000000   Number         0  core_cm3.o ABSOLUTE
    ..\CORE\startup_stm32f10x_hd.s           0x00000000   Number         0  startup_stm32f10x_hd.o ABSOLUTE
    ..\HARDWARE\FDC2214\fdc2214.c            0x00000000   Number         0  fdc2214.o ABSOLUTE
    ..\HARDWARE\KEY\key.c                    0x00000000   Number         0  key.o ABSOLUTE
    ..\HARDWARE\LCD\lcd.c                    0x00000000   Number         0  lcd.o ABSOLUTE
    ..\HARDWARE\LED\led.c                    0x00000000   Number         0  led.o ABSOLUTE
    ..\HARDWARE\OLED\oled.c                  0x00000000   Number         0  oled.o ABSOLUTE
    ..\HARDWARE\TIMER\timer.c                0x00000000   Number         0  timer.o ABSOLUTE
    ..\HARDWARE\USART\McuDataSend.c          0x00000000   Number         0  mcudatasend.o ABSOLUTE
    ..\STM32F10x_FWLib\src\misc.c            0x00000000   Number         0  misc.o ABSOLUTE
    ..\STM32F10x_FWLib\src\stm32f10x_adc.c   0x00000000   Number         0  stm32f10x_adc.o ABSOLUTE
    ..\STM32F10x_FWLib\src\stm32f10x_bkp.c   0x00000000   Number         0  stm32f10x_bkp.o ABSOLUTE
    ..\STM32F10x_FWLib\src\stm32f10x_can.c   0x00000000   Number         0  stm32f10x_can.o ABSOLUTE
    ..\STM32F10x_FWLib\src\stm32f10x_cec.c   0x00000000   Number         0  stm32f10x_cec.o ABSOLUTE
    ..\STM32F10x_FWLib\src\stm32f10x_crc.c   0x00000000   Number         0  stm32f10x_crc.o ABSOLUTE
    ..\STM32F10x_FWLib\src\stm32f10x_dac.c   0x00000000   Number         0  stm32f10x_dac.o ABSOLUTE
    ..\STM32F10x_FWLib\src\stm32f10x_dbgmcu.c 0x00000000   Number         0  stm32f10x_dbgmcu.o ABSOLUTE
    ..\STM32F10x_FWLib\src\stm32f10x_dma.c   0x00000000   Number         0  stm32f10x_dma.o ABSOLUTE
    ..\STM32F10x_FWLib\src\stm32f10x_exti.c  0x00000000   Number         0  stm32f10x_exti.o ABSOLUTE
    ..\STM32F10x_FWLib\src\stm32f10x_flash.c 0x00000000   Number         0  stm32f10x_flash.o ABSOLUTE
    ..\STM32F10x_FWLib\src\stm32f10x_fsmc.c  0x00000000   Number         0  stm32f10x_fsmc.o ABSOLUTE
    ..\STM32F10x_FWLib\src\stm32f10x_gpio.c  0x00000000   Number         0  stm32f10x_gpio.o ABSOLUTE
    ..\STM32F10x_FWLib\src\stm32f10x_i2c.c   0x00000000   Number         0  stm32f10x_i2c.o ABSOLUTE
    ..\STM32F10x_FWLib\src\stm32f10x_iwdg.c  0x00000000   Number         0  stm32f10x_iwdg.o ABSOLUTE
    ..\STM32F10x_FWLib\src\stm32f10x_pwr.c   0x00000000   Number         0  stm32f10x_pwr.o ABSOLUTE
    ..\STM32F10x_FWLib\src\stm32f10x_rcc.c   0x00000000   Number         0  stm32f10x_rcc.o ABSOLUTE
    ..\STM32F10x_FWLib\src\stm32f10x_rtc.c   0x00000000   Number         0  stm32f10x_rtc.o ABSOLUTE
    ..\STM32F10x_FWLib\src\stm32f10x_sdio.c  0x00000000   Number         0  stm32f10x_sdio.o ABSOLUTE
    ..\STM32F10x_FWLib\src\stm32f10x_spi.c   0x00000000   Number         0  stm32f10x_spi.o ABSOLUTE
    ..\STM32F10x_FWLib\src\stm32f10x_tim.c   0x00000000   Number         0  stm32f10x_tim.o ABSOLUTE
    ..\STM32F10x_FWLib\src\stm32f10x_usart.c 0x00000000   Number         0  stm32f10x_usart.o ABSOLUTE
    ..\STM32F10x_FWLib\src\stm32f10x_wwdg.c  0x00000000   Number         0  stm32f10x_wwdg.o ABSOLUTE
    ..\SYSTEM\delay\delay.c                  0x00000000   Number         0  delay.o ABSOLUTE
    ..\SYSTEM\sys\sys.c                      0x00000000   Number         0  sys.o ABSOLUTE
    ..\SYSTEM\usart\usart.c                  0x00000000   Number         0  usart.o ABSOLUTE
    ..\\CORE\\core_cm3.c                     0x00000000   Number         0  core_cm3.o ABSOLUTE
    ..\\SYSTEM\\sys\\sys.c                   0x00000000   Number         0  sys.o ABSOLUTE
    dc.s                                     0x00000000   Number         0  dc.o ABSOLUTE
    main.c                                   0x00000000   Number         0  main.o ABSOLUTE
    stm32f10x_it.c                           0x00000000   Number         0  stm32f10x_it.o ABSOLUTE
    system_stm32f10x.c                       0x00000000   Number         0  system_stm32f10x.o ABSOLUTE
    RESET                                    0x08000000   Section      304  startup_stm32f10x_hd.o(RESET)
    !!!main                                  0x08000130   Section        8  __main.o(!!!main)
    !!!scatter                               0x08000138   Section       52  __scatter.o(!!!scatter)
    !!handler_copy                           0x0800016c   Section       26  __scatter_copy.o(!!handler_copy)
    !!handler_zi                             0x08000188   Section       28  __scatter_zi.o(!!handler_zi)
    .ARM.Collect$$_printf_percent$$00000000  0x080001a4   Section        0  _printf_percent.o(.ARM.Collect$$_printf_percent$$00000000)
    .ARM.Collect$$_printf_percent$$00000003  0x080001a4   Section        6  _printf_f.o(.ARM.Collect$$_printf_percent$$00000003)
    .ARM.Collect$$_printf_percent$$00000009  0x080001aa   Section        6  _printf_d.o(.ARM.Collect$$_printf_percent$$00000009)
    .ARM.Collect$$_printf_percent$$00000017  0x080001b0   Section        4  _printf_percent_end.o(.ARM.Collect$$_printf_percent$$00000017)
    .ARM.Collect$$libinit$$00000000          0x080001b4   Section        2  libinit.o(.ARM.Collect$$libinit$$00000000)
    .ARM.Collect$$libinit$$00000002          0x080001b6   Section        0  libinit2.o(.ARM.Collect$$libinit$$00000002)
    .ARM.Collect$$libinit$$00000004          0x080001b6   Section        0  libinit2.o(.ARM.Collect$$libinit$$00000004)
    .ARM.Collect$$libinit$$0000000A          0x080001b6   Section        0  libinit2.o(.ARM.Collect$$libinit$$0000000A)
    .ARM.Collect$$libinit$$0000000C          0x080001b6   Section        0  libinit2.o(.ARM.Collect$$libinit$$0000000C)
    .ARM.Collect$$libinit$$0000000E          0x080001b6   Section        0  libinit2.o(.ARM.Collect$$libinit$$0000000E)
    .ARM.Collect$$libinit$$0000000F          0x080001b6   Section        6  libinit2.o(.ARM.Collect$$libinit$$0000000F)
    .ARM.Collect$$libinit$$00000011          0x080001bc   Section        0  libinit2.o(.ARM.Collect$$libinit$$00000011)
    .ARM.Collect$$libinit$$00000013          0x080001bc   Section        0  libinit2.o(.ARM.Collect$$libinit$$00000013)
    .ARM.Collect$$libinit$$00000015          0x080001bc   Section        0  libinit2.o(.ARM.Collect$$libinit$$00000015)
    .ARM.Collect$$libinit$$00000016          0x080001bc   Section       10  libinit2.o(.ARM.Collect$$libinit$$00000016)
    .ARM.Collect$$libinit$$00000017          0x080001c6   Section        0  libinit2.o(.ARM.Collect$$libinit$$00000017)
    .ARM.Collect$$libinit$$00000019          0x080001c6   Section        0  libinit2.o(.ARM.Collect$$libinit$$00000019)
    .ARM.Collect$$libinit$$0000001B          0x080001c6   Section        0  libinit2.o(.ARM.Collect$$libinit$$0000001B)
    .ARM.Collect$$libinit$$0000001D          0x080001c6   Section        0  libinit2.o(.ARM.Collect$$libinit$$0000001D)
    .ARM.Collect$$libinit$$0000001F          0x080001c6   Section        0  libinit2.o(.ARM.Collect$$libinit$$0000001F)
    .ARM.Collect$$libinit$$00000021          0x080001c6   Section        0  libinit2.o(.ARM.Collect$$libinit$$00000021)
    .ARM.Collect$$libinit$$00000023          0x080001c6   Section        0  libinit2.o(.ARM.Collect$$libinit$$00000023)
    .ARM.Collect$$libinit$$00000025          0x080001c6   Section        0  libinit2.o(.ARM.Collect$$libinit$$00000025)
    .ARM.Collect$$libinit$$0000002C          0x080001c6   Section        0  libinit2.o(.ARM.Collect$$libinit$$0000002C)
    .ARM.Collect$$libinit$$0000002E          0x080001c6   Section        0  libinit2.o(.ARM.Collect$$libinit$$0000002E)
    .ARM.Collect$$libinit$$00000030          0x080001c6   Section        0  libinit2.o(.ARM.Collect$$libinit$$00000030)
    .ARM.Collect$$libinit$$00000032          0x080001c6   Section        0  libinit2.o(.ARM.Collect$$libinit$$00000032)
    .ARM.Collect$$libinit$$00000033          0x080001c6   Section        2  libinit2.o(.ARM.Collect$$libinit$$00000033)
    .ARM.Collect$$libshutdown$$00000000      0x080001c8   Section        2  libshutdown.o(.ARM.Collect$$libshutdown$$00000000)
    .ARM.Collect$$libshutdown$$00000003      0x080001ca   Section        0  libshutdown2.o(.ARM.Collect$$libshutdown$$00000003)
    .ARM.Collect$$libshutdown$$00000006      0x080001ca   Section        0  libshutdown2.o(.ARM.Collect$$libshutdown$$00000006)
    .ARM.Collect$$libshutdown$$00000009      0x080001ca   Section        0  libshutdown2.o(.ARM.Collect$$libshutdown$$00000009)
    .ARM.Collect$$libshutdown$$0000000B      0x080001ca   Section        0  libshutdown2.o(.ARM.Collect$$libshutdown$$0000000B)
    .ARM.Collect$$libshutdown$$0000000E      0x080001ca   Section        0  libshutdown2.o(.ARM.Collect$$libshutdown$$0000000E)
    .ARM.Collect$$libshutdown$$0000000F      0x080001ca   Section        2  libshutdown2.o(.ARM.Collect$$libshutdown$$0000000F)
    .ARM.Collect$$rtentry$$00000000          0x080001cc   Section        0  __rtentry.o(.ARM.Collect$$rtentry$$00000000)
    .ARM.Collect$$rtentry$$00000002          0x080001cc   Section        0  __rtentry2.o(.ARM.Collect$$rtentry$$00000002)
    .ARM.Collect$$rtentry$$00000004          0x080001cc   Section        6  __rtentry4.o(.ARM.Collect$$rtentry$$00000004)
    .ARM.Collect$$rtentry$$00000009          0x080001d2   Section        0  __rtentry2.o(.ARM.Collect$$rtentry$$00000009)
    .ARM.Collect$$rtentry$$0000000A          0x080001d2   Section        4  __rtentry2.o(.ARM.Collect$$rtentry$$0000000A)
    .ARM.Collect$$rtentry$$0000000C          0x080001d6   Section        0  __rtentry2.o(.ARM.Collect$$rtentry$$0000000C)
    .ARM.Collect$$rtentry$$0000000D          0x080001d6   Section        8  __rtentry2.o(.ARM.Collect$$rtentry$$0000000D)
    .ARM.Collect$$rtexit$$00000000           0x080001de   Section        2  rtexit.o(.ARM.Collect$$rtexit$$00000000)
    .ARM.Collect$$rtexit$$00000002           0x080001e0   Section        0  rtexit2.o(.ARM.Collect$$rtexit$$00000002)
    .ARM.Collect$$rtexit$$00000003           0x080001e0   Section        4  rtexit2.o(.ARM.Collect$$rtexit$$00000003)
    .ARM.Collect$$rtexit$$00000004           0x080001e4   Section        6  rtexit2.o(.ARM.Collect$$rtexit$$00000004)
    .text                                    0x080001ec   Section       64  startup_stm32f10x_hd.o(.text)
    .text                                    0x0800022c   Section        2  use_no_semi_2.o(.text)
    .text                                    0x08000230   Section        0  noretval__2printf.o(.text)
    .text                                    0x08000248   Section        0  _printf_pad.o(.text)
    .text                                    0x08000298   Section        0  _printf_dec.o(.text)
    .text                                    0x08000310   Section        0  __printf_wp.o(.text)
    .text                                    0x0800041e   Section        0  heapauxi.o(.text)
    .text                                    0x08000424   Section        2  use_no_semi.o(.text)
    .text                                    0x08000426   Section        0  _printf_intcommon.o(.text)
    .text                                    0x080004d8   Section        0  _printf_fp_dec.o(.text)
    _fp_digits                               0x080004db   Thumb Code   428  _printf_fp_dec.o(.text)
    .text                                    0x080008f4   Section        0  _printf_char_file.o(.text)
    .text                                    0x08000918   Section        8  rt_locale_intlibspace.o(.text)
    .text                                    0x08000920   Section      138  lludiv10.o(.text)
    .text                                    0x080009ac   Section        0  _printf_char_common.o(.text)
    _printf_input_char                       0x080009ad   Thumb Code    10  _printf_char_common.o(.text)
    .text                                    0x080009dc   Section        0  _printf_fp_infnan.o(.text)
    .text                                    0x08000a5c   Section        0  bigflt0.o(.text)
    .text                                    0x08000b38   Section        0  ferror.o(.text)
    .text                                    0x08000b40   Section        8  libspace.o(.text)
    .text                                    0x08000b48   Section       74  sys_stackheap_outer.o(.text)
    .text                                    0x08000b92   Section        0  exit.o(.text)
    .text                                    0x08000ba0   Section      128  strcmpv7m.o(.text)
    CL$$btod_d2e                             0x08000c20   Section       62  btod.o(CL$$btod_d2e)
    CL$$btod_d2e_denorm_low                  0x08000c5e   Section       70  btod.o(CL$$btod_d2e_denorm_low)
    CL$$btod_d2e_norm_op1                    0x08000ca4   Section       96  btod.o(CL$$btod_d2e_norm_op1)
    CL$$btod_div_common                      0x08000d04   Section      824  btod.o(CL$$btod_div_common)
    CL$$btod_e2e                             0x0800103c   Section      198  btod.o(CL$$btod_e2e)
    CL$$btod_ediv                            0x08001102   Section       40  btod.o(CL$$btod_ediv)
    CL$$btod_emul                            0x0800112a   Section       40  btod.o(CL$$btod_emul)
    CL$$btod_mult_common                     0x08001152   Section      580  btod.o(CL$$btod_mult_common)
    i.BusFault_Handler                       0x08001396   Section        0  stm32f10x_it.o(i.BusFault_Handler)
    i.Cap_Calculate                          0x08001398   Section        0  fdc2214.o(i.Cap_Calculate)
    i.DebugMon_Handler                       0x080013cc   Section        0  stm32f10x_it.o(i.DebugMon_Handler)
    i.FCD2214_ReadCH                         0x080013ce   Section        0  fdc2214.o(i.FCD2214_ReadCH)
    i.FDC2214_Init                           0x0800143e   Section        0  fdc2214.o(i.FDC2214_Init)
    i.FDC_GPIO_Init                          0x0800151c   Section        0  fdc2214.o(i.FDC_GPIO_Init)
    i.FDC_IIC_Ack                            0x08001520   Section        0  fdc2214.o(i.FDC_IIC_Ack)
    i.FDC_IIC_Delay                          0x08001554   Section        0  fdc2214.o(i.FDC_IIC_Delay)
    i.FDC_IIC_Init                           0x0800155c   Section        0  fdc2214.o(i.FDC_IIC_Init)
    i.FDC_IIC_NAck                           0x08001594   Section        0  fdc2214.o(i.FDC_IIC_NAck)
    i.FDC_IIC_Read_Byte                      0x080015c8   Section        0  fdc2214.o(i.FDC_IIC_Read_Byte)
    i.FDC_IIC_Send_Byte                      0x08001630   Section        0  fdc2214.o(i.FDC_IIC_Send_Byte)
    i.FDC_IIC_Start                          0x08001684   Section        0  fdc2214.o(i.FDC_IIC_Start)
    i.FDC_IIC_Stop                           0x080016b8   Section        0  fdc2214.o(i.FDC_IIC_Stop)
    i.FDC_IIC_Wait_Ack                       0x080016f0   Section        0  fdc2214.o(i.FDC_IIC_Wait_Ack)
    i.FDC_Read                               0x08001744   Section        0  fdc2214.o(i.FDC_Read)
    i.GPIO_Init                              0x08001788   Section        0  stm32f10x_gpio.o(i.GPIO_Init)
    i.GPIO_PinRemapConfig                    0x08001830   Section        0  stm32f10x_gpio.o(i.GPIO_PinRemapConfig)
    i.GPIO_ReadInputDataBit                  0x0800188c   Section        0  stm32f10x_gpio.o(i.GPIO_ReadInputDataBit)
    i.GPIO_ResetBits                         0x0800189a   Section        0  stm32f10x_gpio.o(i.GPIO_ResetBits)
    i.GPIO_SetBits                           0x0800189e   Section        0  stm32f10x_gpio.o(i.GPIO_SetBits)
    i.HardFault_Handler                      0x080018a2   Section        0  stm32f10x_it.o(i.HardFault_Handler)
    i.KEY_Init                               0x080018a4   Section        0  key.o(i.KEY_Init)
    i.LED_Init                               0x080018cc   Section        0  led.o(i.LED_Init)
    i.MemManage_Handler                      0x08001904   Section        0  stm32f10x_it.o(i.MemManage_Handler)
    i.NMI_Handler                            0x08001906   Section        0  stm32f10x_it.o(i.NMI_Handler)
    i.NVIC_Init                              0x08001908   Section        0  misc.o(i.NVIC_Init)
    i.NVIC_PriorityGroupConfig               0x0800196c   Section        0  misc.o(i.NVIC_PriorityGroupConfig)
    i.OLED_DLY_ms                            0x08001980   Section        0  oled.o(i.OLED_DLY_ms)
    i.OLED_Fill                              0x08001996   Section        0  oled.o(i.OLED_Fill)
    i.OLED_Init                              0x080019cc   Section        0  oled.o(i.OLED_Init)
    i.OLED_WR_Byte                           0x08001b08   Section        0  oled.o(i.OLED_WR_Byte)
    i.OLED_WrCmd                             0x08001b78   Section        0  oled.o(i.OLED_WrCmd)
    i.OLED_WrDat                             0x08001bd0   Section        0  oled.o(i.OLED_WrDat)
    i.PendSV_Handler                         0x08001c2c   Section        0  stm32f10x_it.o(i.PendSV_Handler)
    i.RCC_APB1PeriphClockCmd                 0x08001c30   Section        0  stm32f10x_rcc.o(i.RCC_APB1PeriphClockCmd)
    i.RCC_APB2PeriphClockCmd                 0x08001c4c   Section        0  stm32f10x_rcc.o(i.RCC_APB2PeriphClockCmd)
    i.RCC_GetClocksFreq                      0x08001c68   Section        0  stm32f10x_rcc.o(i.RCC_GetClocksFreq)
    i.SVC_Handler                            0x08001d14   Section        0  stm32f10x_it.o(i.SVC_Handler)
    i.SetSysClock                            0x08001d16   Section        0  system_stm32f10x.o(i.SetSysClock)
    SetSysClock                              0x08001d17   Thumb Code     4  system_stm32f10x.o(i.SetSysClock)
    i.SetSysClockTo72                        0x08001d1c   Section        0  system_stm32f10x.o(i.SetSysClockTo72)
    SetSysClockTo72                          0x08001d1d   Thumb Code   166  system_stm32f10x.o(i.SetSysClockTo72)
    i.Set_FDC2214                            0x08001dcc   Section        0  fdc2214.o(i.Set_FDC2214)
    i.SysTick_CLKSourceConfig                0x08001e26   Section        0  misc.o(i.SysTick_CLKSourceConfig)
    i.SysTick_Handler                        0x08001e42   Section        0  stm32f10x_it.o(i.SysTick_Handler)
    i.SystemInit                             0x08001e44   Section        0  system_stm32f10x.o(i.SystemInit)
    i.TIM3_IRQHandler                        0x08001e94   Section        0  main.o(i.TIM3_IRQHandler)
    i.TIM5_Ctrl_Init                         0x08001eb8   Section        0  timer.o(i.TIM5_Ctrl_Init)
    i.TIM5_IRQHandler                        0x08001f14   Section        0  main.o(i.TIM5_IRQHandler)
    i.TIM_ClearITPendingBit                  0x08001f58   Section        0  stm32f10x_tim.o(i.TIM_ClearITPendingBit)
    i.TIM_Cmd                                0x08001f5e   Section        0  stm32f10x_tim.o(i.TIM_Cmd)
    i.TIM_GetITStatus                        0x08001f76   Section        0  stm32f10x_tim.o(i.TIM_GetITStatus)
    i.TIM_ITConfig                           0x08001f8e   Section        0  stm32f10x_tim.o(i.TIM_ITConfig)
    i.TIM_TimeBaseInit                       0x08001fa4   Section        0  stm32f10x_tim.o(i.TIM_TimeBaseInit)
    i.USART1_IRQHandler                      0x08002040   Section        0  usart.o(i.USART1_IRQHandler)
    i.USART_Cmd                              0x080020a8   Section        0  stm32f10x_usart.o(i.USART_Cmd)
    i.USART_GetITStatus                      0x080020c0   Section        0  stm32f10x_usart.o(i.USART_GetITStatus)
    i.USART_ITConfig                         0x08002100   Section        0  stm32f10x_usart.o(i.USART_ITConfig)
    i.USART_Init                             0x08002138   Section        0  stm32f10x_usart.o(i.USART_Init)
    i.USART_ReceiveData                      0x080021f4   Section        0  stm32f10x_usart.o(i.USART_ReceiveData)
    i.UsageFault_Handler                     0x080021fc   Section        0  stm32f10x_it.o(i.UsageFault_Handler)
    i.__ARM_fpclassify                       0x080021fe   Section        0  fpclassify.o(i.__ARM_fpclassify)
    i._is_digit                              0x08002226   Section        0  __printf_wp.o(i._is_digit)
    i._sys_exit                              0x08002234   Section        0  usart.o(i._sys_exit)
    i.delay_init                             0x08002238   Section        0  delay.o(i.delay_init)
    i.delay_ms                               0x08002274   Section        0  delay.o(i.delay_ms)
    i.delay_us                               0x080022a8   Section        0  delay.o(i.delay_us)
    i.fputc                                  0x080022dc   Section        0  usart.o(i.fputc)
    i.getmid                                 0x080022f4   Section        0  main.o(i.getmid)
    i.main                                   0x080023b4   Section        0  main.o(i.main)
    i.uart_init                              0x0800256c   Section        0  usart.o(i.uart_init)
    locale$$code                             0x0800260c   Section       44  lc_numeric_c.o(locale$$code)
    x$fpl$d2f                                0x08002638   Section       98  d2f.o(x$fpl$d2f)
    x$fpl$ddiv                               0x0800269c   Section      688  ddiv.o(x$fpl$ddiv)
    ddiv_entry                               0x080026a3   Thumb Code     0  ddiv.o(x$fpl$ddiv)
    x$fpl$dfltu                              0x0800294c   Section       38  dflt_clz.o(x$fpl$dfltu)
    x$fpl$dnaninf                            0x08002972   Section      156  dnaninf.o(x$fpl$dnaninf)
    x$fpl$dretinf                            0x08002a0e   Section       12  dretinf.o(x$fpl$dretinf)
    x$fpl$f2d                                0x08002a1c   Section       86  f2d.o(x$fpl$f2d)
    x$fpl$fadd                               0x08002a74   Section      196  faddsub_clz.o(x$fpl$fadd)
    _fadd1                                   0x08002a83   Thumb Code     0  faddsub_clz.o(x$fpl$fadd)
    x$fpl$fcmpinf                            0x08002b38   Section       24  fcmpi.o(x$fpl$fcmpinf)
    x$fpl$fdiv                               0x08002b50   Section      388  fdiv.o(x$fpl$fdiv)
    _fdiv1                                   0x08002b51   Thumb Code     0  fdiv.o(x$fpl$fdiv)
    x$fpl$ffix                               0x08002cd4   Section       54  ffix.o(x$fpl$ffix)
    x$fpl$fflt                               0x08002d0c   Section       48  fflt_clz.o(x$fpl$fflt)
    x$fpl$fleqf                              0x08002d3c   Section      104  fleqf.o(x$fpl$fleqf)
    x$fpl$fmul                               0x08002da4   Section      258  fmul.o(x$fpl$fmul)
    x$fpl$fnaninf                            0x08002ea6   Section      140  fnaninf.o(x$fpl$fnaninf)
    x$fpl$fretinf                            0x08002f32   Section       10  fretinf.o(x$fpl$fretinf)
    x$fpl$fsub                               0x08002f3c   Section      234  faddsub_clz.o(x$fpl$fsub)
    _fsub1                                   0x08002f4b   Thumb Code     0  faddsub_clz.o(x$fpl$fsub)
    x$fpl$printf1                            0x08003026   Section        4  printf1.o(x$fpl$printf1)
    x$fpl$usenofp                            0x0800302a   Section        0  usenofp.o(x$fpl$usenofp)
    .constdata                               0x0800302c   Section      148  bigflt0.o(.constdata)
    tenpwrs_x                                0x0800302c   Data          60  bigflt0.o(.constdata)
    tenpwrs_i                                0x08003068   Data          64  bigflt0.o(.constdata)
    .conststring                             0x080030c0   Section       67  main.o(.conststring)
    locale$$data                             0x08003124   Section       28  lc_numeric_c.o(locale$$data)
    __lcnum_c_name                           0x08003128   Data           2  lc_numeric_c.o(locale$$data)
    __lcnum_c_start                          0x08003130   Data           0  lc_numeric_c.o(locale$$data)
    __lcnum_c_point                          0x0800313c   Data           0  lc_numeric_c.o(locale$$data)
    __lcnum_c_thousands                      0x0800313e   Data           0  lc_numeric_c.o(locale$$data)
    __lcnum_c_grouping                       0x0800313f   Data           0  lc_numeric_c.o(locale$$data)
    __lcnum_c_end                            0x08003140   Data           0  lc_numeric_c.o(locale$$data)
    .data                                    0x20000000   Section       68  main.o(.data)
    .data                                    0x20000044   Section       20  system_stm32f10x.o(.data)
    .data                                    0x20000058   Section        4  delay.o(.data)
    fac_us                                   0x20000058   Data           1  delay.o(.data)
    fac_ms                                   0x2000005a   Data           2  delay.o(.data)
    .data                                    0x2000005c   Section        2  usart.o(.data)
    .data                                    0x20000060   Section        4  usart.o(.data)
    .data                                    0x20000064   Section       20  stm32f10x_rcc.o(.data)
    ADCPrescTable                            0x20000064   Data           4  stm32f10x_rcc.o(.data)
    APBAHBPrescTable                         0x20000068   Data          16  stm32f10x_rcc.o(.data)
    .data                                    0x20000078   Section        4  fdc2214.o(.data)
    .bss                                     0x2000007c   Section      560  main.o(.bss)
    .bss                                     0x200002ac   Section      200  usart.o(.bss)
    .bss                                     0x20000374   Section       96  libspace.o(.bss)
    HEAP                                     0x200003d8   Section      512  startup_stm32f10x_hd.o(HEAP)
    Heap_Mem                                 0x200003d8   Data         512  startup_stm32f10x_hd.o(HEAP)
    STACK                                    0x200005d8   Section     1024  startup_stm32f10x_hd.o(STACK)
    Stack_Mem                                0x200005d8   Data        1024  startup_stm32f10x_hd.o(STACK)
    __initial_sp                             0x200009d8   Data           0  startup_stm32f10x_hd.o(STACK)

    Global Symbols

    Symbol Name                              Value     Ov Type        Size  Object(Section)

    BuildAttributes$$THM_ISAv4$P$D$K$B$S$PE$A:L22UL41UL21$X:L11$S22US41US21$IEEE1$IW$USESV6$~STKCKD$USESV7$~SHL$OTIME$ROPI$IEEEJ$EBA8$UX$STANDARDLIB$REQ8$PRES8$EABIv2 0x00000000   Number         0  anon$$obj.o ABSOLUTE
    __ARM_use_no_argv                        0x00000000   Number         0  main.o ABSOLUTE
    _printf_flags                            0x00000000   Number         0  printf_stubs.o ABSOLUTE
    _printf_return_value                     0x00000000   Number         0  printf_stubs.o ABSOLUTE
    _printf_sizespec                         0x00000000   Number         0  printf_stubs.o ABSOLUTE
    _printf_widthprec                        0x00000000   Number         0  printf_stubs.o ABSOLUTE
    __ARM_exceptions_init                     - Undefined Weak Reference
    __alloca_initialize                       - Undefined Weak Reference
    __arm_preinit_                            - Undefined Weak Reference
    __cpp_initialize__aeabi_                  - Undefined Weak Reference
    __cxa_finalize                            - Undefined Weak Reference
    __sigvec_lookup                           - Undefined Weak Reference
    _atexit_init                              - Undefined Weak Reference
    _call_atexit_fns                          - Undefined Weak Reference
    _clock_init                               - Undefined Weak Reference
    _fp_trap_init                             - Undefined Weak Reference
    _fp_trap_shutdown                         - Undefined Weak Reference
    _get_lc_collate                           - Undefined Weak Reference
    _get_lc_ctype                             - Undefined Weak Reference
    _get_lc_monetary                          - Undefined Weak Reference
    _get_lc_time                              - Undefined Weak Reference
    _getenv_init                              - Undefined Weak Reference
    _handle_redirection                       - Undefined Weak Reference
    _init_alloc                               - Undefined Weak Reference
    _init_user_alloc                          - Undefined Weak Reference
    _initio                                   - Undefined Weak Reference
    _mutex_acquire                            - Undefined Weak Reference
    _mutex_release                            - Undefined Weak Reference
    _printf_truncate_signed                   - Undefined Weak Reference
    _printf_truncate_unsigned                 - Undefined Weak Reference
    _rand_init                                - Undefined Weak Reference
    _signal_finish                            - Undefined Weak Reference
    _signal_init                              - Undefined Weak Reference
    _terminate_alloc                          - Undefined Weak Reference
    _terminate_user_alloc                     - Undefined Weak Reference
    _terminateio                              - Undefined Weak Reference
    __Vectors_Size                           0x00000130   Number         0  startup_stm32f10x_hd.o ABSOLUTE
    __Vectors                                0x08000000   Data           4  startup_stm32f10x_hd.o(RESET)
    __Vectors_End                            0x08000130   Data           0  startup_stm32f10x_hd.o(RESET)
    __main                                   0x08000131   Thumb Code     8  __main.o(!!!main)
    __scatterload                            0x08000139   Thumb Code     0  __scatter.o(!!!scatter)
    __scatterload_rt2                        0x08000139   Thumb Code    44  __scatter.o(!!!scatter)
    __scatterload_rt2_thumb_only             0x08000139   Thumb Code     0  __scatter.o(!!!scatter)
    __scatterload_null                       0x08000147   Thumb Code     0  __scatter.o(!!!scatter)
    __scatterload_copy                       0x0800016d   Thumb Code    26  __scatter_copy.o(!!handler_copy)
    __scatterload_zeroinit                   0x08000189   Thumb Code    28  __scatter_zi.o(!!handler_zi)
    _printf_f                                0x080001a5   Thumb Code     0  _printf_f.o(.ARM.Collect$$_printf_percent$$00000003)
    _printf_percent                          0x080001a5   Thumb Code     0  _printf_percent.o(.ARM.Collect$$_printf_percent$$00000000)
    _printf_d                                0x080001ab   Thumb Code     0  _printf_d.o(.ARM.Collect$$_printf_percent$$00000009)
    _printf_percent_end                      0x080001b1   Thumb Code     0  _printf_percent_end.o(.ARM.Collect$$_printf_percent$$00000017)
    __rt_lib_init                            0x080001b5   Thumb Code     0  libinit.o(.ARM.Collect$$libinit$$00000000)
    __rt_lib_init_fp_1                       0x080001b7   Thumb Code     0  libinit2.o(.ARM.Collect$$libinit$$00000002)
    __rt_lib_init_heap_1                     0x080001b7   Thumb Code     0  libinit2.o(.ARM.Collect$$libinit$$0000000A)
    __rt_lib_init_lc_common                  0x080001b7   Thumb Code     0  libinit2.o(.ARM.Collect$$libinit$$0000000F)
    __rt_lib_init_preinit_1                  0x080001b7   Thumb Code     0  libinit2.o(.ARM.Collect$$libinit$$00000004)
    __rt_lib_init_rand_1                     0x080001b7   Thumb Code     0  libinit2.o(.ARM.Collect$$libinit$$0000000E)
    __rt_lib_init_user_alloc_1               0x080001b7   Thumb Code     0  libinit2.o(.ARM.Collect$$libinit$$0000000C)
    __rt_lib_init_lc_collate_1               0x080001bd   Thumb Code     0  libinit2.o(.ARM.Collect$$libinit$$00000011)
    __rt_lib_init_lc_ctype_1                 0x080001bd   Thumb Code     0  libinit2.o(.ARM.Collect$$libinit$$00000013)
    __rt_lib_init_lc_monetary_1              0x080001bd   Thumb Code     0  libinit2.o(.ARM.Collect$$libinit$$00000015)
    __rt_lib_init_lc_numeric_2               0x080001bd   Thumb Code     0  libinit2.o(.ARM.Collect$$libinit$$00000016)
    __rt_lib_init_alloca_1                   0x080001c7   Thumb Code     0  libinit2.o(.ARM.Collect$$libinit$$0000002E)
    __rt_lib_init_argv_1                     0x080001c7   Thumb Code     0  libinit2.o(.ARM.Collect$$libinit$$0000002C)
    __rt_lib_init_atexit_1                   0x080001c7   Thumb Code     0  libinit2.o(.ARM.Collect$$libinit$$0000001B)
    __rt_lib_init_clock_1                    0x080001c7   Thumb Code     0  libinit2.o(.ARM.Collect$$libinit$$00000021)
    __rt_lib_init_cpp_1                      0x080001c7   Thumb Code     0  libinit2.o(.ARM.Collect$$libinit$$00000032)
    __rt_lib_init_exceptions_1               0x080001c7   Thumb Code     0  libinit2.o(.ARM.Collect$$libinit$$00000030)
    __rt_lib_init_fp_trap_1                  0x080001c7   Thumb Code     0  libinit2.o(.ARM.Collect$$libinit$$0000001F)
    __rt_lib_init_getenv_1                   0x080001c7   Thumb Code     0  libinit2.o(.ARM.Collect$$libinit$$00000023)
    __rt_lib_init_lc_numeric_1               0x080001c7   Thumb Code     0  libinit2.o(.ARM.Collect$$libinit$$00000017)
    __rt_lib_init_lc_time_1                  0x080001c7   Thumb Code     0  libinit2.o(.ARM.Collect$$libinit$$00000019)
    __rt_lib_init_return                     0x080001c7   Thumb Code     0  libinit2.o(.ARM.Collect$$libinit$$00000033)
    __rt_lib_init_signal_1                   0x080001c7   Thumb Code     0  libinit2.o(.ARM.Collect$$libinit$$0000001D)
    __rt_lib_init_stdio_1                    0x080001c7   Thumb Code     0  libinit2.o(.ARM.Collect$$libinit$$00000025)
    __rt_lib_shutdown                        0x080001c9   Thumb Code     0  libshutdown.o(.ARM.Collect$$libshutdown$$00000000)
    __rt_lib_shutdown_fp_trap_1              0x080001cb   Thumb Code     0  libshutdown2.o(.ARM.Collect$$libshutdown$$00000006)
    __rt_lib_shutdown_heap_1                 0x080001cb   Thumb Code     0  libshutdown2.o(.ARM.Collect$$libshutdown$$0000000E)
    __rt_lib_shutdown_return                 0x080001cb   Thumb Code     0  libshutdown2.o(.ARM.Collect$$libshutdown$$0000000F)
    __rt_lib_shutdown_signal_1               0x080001cb   Thumb Code     0  libshutdown2.o(.ARM.Collect$$libshutdown$$00000009)
    __rt_lib_shutdown_stdio_1                0x080001cb   Thumb Code     0  libshutdown2.o(.ARM.Collect$$libshutdown$$00000003)
    __rt_lib_shutdown_user_alloc_1           0x080001cb   Thumb Code     0  libshutdown2.o(.ARM.Collect$$libshutdown$$0000000B)
    __rt_entry                               0x080001cd   Thumb Code     0  __rtentry.o(.ARM.Collect$$rtentry$$00000000)
    __rt_entry_presh_1                       0x080001cd   Thumb Code     0  __rtentry2.o(.ARM.Collect$$rtentry$$00000002)
    __rt_entry_sh                            0x080001cd   Thumb Code     0  __rtentry4.o(.ARM.Collect$$rtentry$$00000004)
    __rt_entry_li                            0x080001d3   Thumb Code     0  __rtentry2.o(.ARM.Collect$$rtentry$$0000000A)
    __rt_entry_postsh_1                      0x080001d3   Thumb Code     0  __rtentry2.o(.ARM.Collect$$rtentry$$00000009)
    __rt_entry_main                          0x080001d7   Thumb Code     0  __rtentry2.o(.ARM.Collect$$rtentry$$0000000D)
    __rt_entry_postli_1                      0x080001d7   Thumb Code     0  __rtentry2.o(.ARM.Collect$$rtentry$$0000000C)
    __rt_exit                                0x080001df   Thumb Code     0  rtexit.o(.ARM.Collect$$rtexit$$00000000)
    __rt_exit_ls                             0x080001e1   Thumb Code     0  rtexit2.o(.ARM.Collect$$rtexit$$00000003)
    __rt_exit_prels_1                        0x080001e1   Thumb Code     0  rtexit2.o(.ARM.Collect$$rtexit$$00000002)
    __rt_exit_exit                           0x080001e5   Thumb Code     0  rtexit2.o(.ARM.Collect$$rtexit$$00000004)
    Reset_Handler                            0x080001ed   Thumb Code     8  startup_stm32f10x_hd.o(.text)
    ADC1_2_IRQHandler                        0x08000207   Thumb Code     0  startup_stm32f10x_hd.o(.text)
    ADC3_IRQHandler                          0x08000207   Thumb Code     0  startup_stm32f10x_hd.o(.text)
    CAN1_RX1_IRQHandler                      0x08000207   Thumb Code     0  startup_stm32f10x_hd.o(.text)
    CAN1_SCE_IRQHandler                      0x08000207   Thumb Code     0  startup_stm32f10x_hd.o(.text)
    DMA1_Channel1_IRQHandler                 0x08000207   Thumb Code     0  startup_stm32f10x_hd.o(.text)
    DMA1_Channel2_IRQHandler                 0x08000207   Thumb Code     0  startup_stm32f10x_hd.o(.text)
    DMA1_Channel3_IRQHandler                 0x08000207   Thumb Code     0  startup_stm32f10x_hd.o(.text)
    DMA1_Channel4_IRQHandler                 0x08000207   Thumb Code     0  startup_stm32f10x_hd.o(.text)
    DMA1_Channel5_IRQHandler                 0x08000207   Thumb Code     0  startup_stm32f10x_hd.o(.text)
    DMA1_Channel6_IRQHandler                 0x08000207   Thumb Code     0  startup_stm32f10x_hd.o(.text)
    DMA1_Channel7_IRQHandler                 0x08000207   Thumb Code     0  startup_stm32f10x_hd.o(.text)
    DMA2_Channel1_IRQHandler                 0x08000207   Thumb Code     0  startup_stm32f10x_hd.o(.text)
    DMA2_Channel2_IRQHandler                 0x08000207   Thumb Code     0  startup_stm32f10x_hd.o(.text)
    DMA2_Channel3_IRQHandler                 0x08000207   Thumb Code     0  startup_stm32f10x_hd.o(.text)
    DMA2_Channel4_5_IRQHandler               0x08000207   Thumb Code     0  startup_stm32f10x_hd.o(.text)
    EXTI0_IRQHandler                         0x08000207   Thumb Code     0  startup_stm32f10x_hd.o(.text)
    EXTI15_10_IRQHandler                     0x08000207   Thumb Code     0  startup_stm32f10x_hd.o(.text)
    EXTI1_IRQHandler                         0x08000207   Thumb Code     0  startup_stm32f10x_hd.o(.text)
    EXTI2_IRQHandler                         0x08000207   Thumb Code     0  startup_stm32f10x_hd.o(.text)
    EXTI3_IRQHandler                         0x08000207   Thumb Code     0  startup_stm32f10x_hd.o(.text)
    EXTI4_IRQHandler                         0x08000207   Thumb Code     0  startup_stm32f10x_hd.o(.text)
    EXTI9_5_IRQHandler                       0x08000207   Thumb Code     0  startup_stm32f10x_hd.o(.text)
    FLASH_IRQHandler                         0x08000207   Thumb Code     0  startup_stm32f10x_hd.o(.text)
    FSMC_IRQHandler                          0x08000207   Thumb Code     0  startup_stm32f10x_hd.o(.text)
    I2C1_ER_IRQHandler                       0x08000207   Thumb Code     0  startup_stm32f10x_hd.o(.text)
    I2C1_EV_IRQHandler                       0x08000207   Thumb Code     0  startup_stm32f10x_hd.o(.text)
    I2C2_ER_IRQHandler                       0x08000207   Thumb Code     0  startup_stm32f10x_hd.o(.text)
    I2C2_EV_IRQHandler                       0x08000207   Thumb Code     0  startup_stm32f10x_hd.o(.text)
    PVD_IRQHandler                           0x08000207   Thumb Code     0  startup_stm32f10x_hd.o(.text)
    RCC_IRQHandler                           0x08000207   Thumb Code     0  startup_stm32f10x_hd.o(.text)
    RTCAlarm_IRQHandler                      0x08000207   Thumb Code     0  startup_stm32f10x_hd.o(.text)
    RTC_IRQHandler                           0x08000207   Thumb Code     0  startup_stm32f10x_hd.o(.text)
    SDIO_IRQHandler                          0x08000207   Thumb Code     0  startup_stm32f10x_hd.o(.text)
    SPI1_IRQHandler                          0x08000207   Thumb Code     0  startup_stm32f10x_hd.o(.text)
    SPI2_IRQHandler                          0x08000207   Thumb Code     0  startup_stm32f10x_hd.o(.text)
    SPI3_IRQHandler                          0x08000207   Thumb Code     0  startup_stm32f10x_hd.o(.text)
    TAMPER_IRQHandler                        0x08000207   Thumb Code     0  startup_stm32f10x_hd.o(.text)
    TIM1_BRK_IRQHandler                      0x08000207   Thumb Code     0  startup_stm32f10x_hd.o(.text)
    TIM1_CC_IRQHandler                       0x08000207   Thumb Code     0  startup_stm32f10x_hd.o(.text)
    TIM1_TRG_COM_IRQHandler                  0x08000207   Thumb Code     0  startup_stm32f10x_hd.o(.text)
    TIM1_UP_IRQHandler                       0x08000207   Thumb Code     0  startup_stm32f10x_hd.o(.text)
    TIM2_IRQHandler                          0x08000207   Thumb Code     0  startup_stm32f10x_hd.o(.text)
    TIM4_IRQHandler                          0x08000207   Thumb Code     0  startup_stm32f10x_hd.o(.text)
    TIM6_IRQHandler                          0x08000207   Thumb Code     0  startup_stm32f10x_hd.o(.text)
    TIM7_IRQHandler                          0x08000207   Thumb Code     0  startup_stm32f10x_hd.o(.text)
    TIM8_BRK_IRQHandler                      0x08000207   Thumb Code     0  startup_stm32f10x_hd.o(.text)
    TIM8_CC_IRQHandler                       0x08000207   Thumb Code     0  startup_stm32f10x_hd.o(.text)
    TIM8_TRG_COM_IRQHandler                  0x08000207   Thumb Code     0  startup_stm32f10x_hd.o(.text)
    TIM8_UP_IRQHandler                       0x08000207   Thumb Code     0  startup_stm32f10x_hd.o(.text)
    UART4_IRQHandler                         0x08000207   Thumb Code     0  startup_stm32f10x_hd.o(.text)
    UART5_IRQHandler                         0x08000207   Thumb Code     0  startup_stm32f10x_hd.o(.text)
    USART2_IRQHandler                        0x08000207   Thumb Code     0  startup_stm32f10x_hd.o(.text)
    USART3_IRQHandler                        0x08000207   Thumb Code     0  startup_stm32f10x_hd.o(.text)
    USBWakeUp_IRQHandler                     0x08000207   Thumb Code     0  startup_stm32f10x_hd.o(.text)
    USB_HP_CAN1_TX_IRQHandler                0x08000207   Thumb Code     0  startup_stm32f10x_hd.o(.text)
    USB_LP_CAN1_RX0_IRQHandler               0x08000207   Thumb Code     0  startup_stm32f10x_hd.o(.text)
    WWDG_IRQHandler                          0x08000207   Thumb Code     0  startup_stm32f10x_hd.o(.text)
    __user_initial_stackheap                 0x08000209   Thumb Code     0  startup_stm32f10x_hd.o(.text)
    __use_no_semihosting                     0x0800022d   Thumb Code     2  use_no_semi_2.o(.text)
    __2printf                                0x08000231   Thumb Code    20  noretval__2printf.o(.text)
    _printf_pre_padding                      0x08000249   Thumb Code    44  _printf_pad.o(.text)
    _printf_post_padding                     0x08000275   Thumb Code    34  _printf_pad.o(.text)
    _printf_int_dec                          0x08000299   Thumb Code   104  _printf_dec.o(.text)
    __printf                                 0x08000311   Thumb Code   270  __printf_wp.o(.text)
    __use_two_region_memory                  0x0800041f   Thumb Code     2  heapauxi.o(.text)
    __rt_heap_escrow$2region                 0x08000421   Thumb Code     2  heapauxi.o(.text)
    __rt_heap_expand$2region                 0x08000423   Thumb Code     2  heapauxi.o(.text)
    __I$use$semihosting                      0x08000425   Thumb Code     0  use_no_semi.o(.text)
    __use_no_semihosting_swi                 0x08000425   Thumb Code     2  use_no_semi.o(.text)
    _printf_int_common                       0x08000427   Thumb Code   178  _printf_intcommon.o(.text)
    __lib_sel_fp_printf                      0x080004d9   Thumb Code     2  _printf_fp_dec.o(.text)
    _printf_fp_dec_real                      0x08000687   Thumb Code   620  _printf_fp_dec.o(.text)
    _printf_char_file                        0x080008f5   Thumb Code    32  _printf_char_file.o(.text)
    __rt_locale                              0x08000919   Thumb Code     8  rt_locale_intlibspace.o(.text)
    _ll_udiv10                               0x08000921   Thumb Code   138  lludiv10.o(.text)
    _printf_char_common                      0x080009b7   Thumb Code    32  _printf_char_common.o(.text)
    _printf_fp_infnan                        0x080009dd   Thumb Code   112  _printf_fp_infnan.o(.text)
    _btod_etento                             0x08000a5d   Thumb Code   216  bigflt0.o(.text)
    ferror                                   0x08000b39   Thumb Code     8  ferror.o(.text)
    __user_libspace                          0x08000b41   Thumb Code     8  libspace.o(.text)
    __user_perproc_libspace                  0x08000b41   Thumb Code     0  libspace.o(.text)
    __user_perthread_libspace                0x08000b41   Thumb Code     0  libspace.o(.text)
    __user_setup_stackheap                   0x08000b49   Thumb Code    74  sys_stackheap_outer.o(.text)
    exit                                     0x08000b93   Thumb Code    12  exit.o(.text)
    strcmp                                   0x08000ba1   Thumb Code   128  strcmpv7m.o(.text)
    _btod_d2e                                0x08000c21   Thumb Code    62  btod.o(CL$$btod_d2e)
    _d2e_denorm_low                          0x08000c5f   Thumb Code    70  btod.o(CL$$btod_d2e_denorm_low)
    _d2e_norm_op1                            0x08000ca5   Thumb Code    96  btod.o(CL$$btod_d2e_norm_op1)
    __btod_div_common                        0x08000d05   Thumb Code   696  btod.o(CL$$btod_div_common)
    _e2e                                     0x0800103d   Thumb Code   198  btod.o(CL$$btod_e2e)
    _btod_ediv                               0x08001103   Thumb Code    40  btod.o(CL$$btod_ediv)
    _btod_emul                               0x0800112b   Thumb Code    40  btod.o(CL$$btod_emul)
    __btod_mult_common                       0x08001153   Thumb Code   580  btod.o(CL$$btod_mult_common)
    BusFault_Handler                         0x08001397   Thumb Code     2  stm32f10x_it.o(i.BusFault_Handler)
    Cap_Calculate                            0x08001399   Thumb Code    40  fdc2214.o(i.Cap_Calculate)
    DebugMon_Handler                         0x080013cd   Thumb Code     2  stm32f10x_it.o(i.DebugMon_Handler)
    FCD2214_ReadCH                           0x080013cf   Thumb Code   112  fdc2214.o(i.FCD2214_ReadCH)
    FDC2214_Init                             0x0800143f   Thumb Code   222  fdc2214.o(i.FDC2214_Init)
    FDC_GPIO_Init                            0x0800151d   Thumb Code     2  fdc2214.o(i.FDC_GPIO_Init)
    FDC_IIC_Ack                              0x08001521   Thumb Code    44  fdc2214.o(i.FDC_IIC_Ack)
    FDC_IIC_Delay                            0x08001555   Thumb Code     6  fdc2214.o(i.FDC_IIC_Delay)
    FDC_IIC_Init                             0x0800155d   Thumb Code    50  fdc2214.o(i.FDC_IIC_Init)
    FDC_IIC_NAck                             0x08001595   Thumb Code    44  fdc2214.o(i.FDC_IIC_NAck)
    FDC_IIC_Read_Byte                        0x080015c9   Thumb Code    96  fdc2214.o(i.FDC_IIC_Read_Byte)
    FDC_IIC_Send_Byte                        0x08001631   Thumb Code    76  fdc2214.o(i.FDC_IIC_Send_Byte)
    FDC_IIC_Start                            0x08001685   Thumb Code    44  fdc2214.o(i.FDC_IIC_Start)
    FDC_IIC_Stop                             0x080016b9   Thumb Code    46  fdc2214.o(i.FDC_IIC_Stop)
    FDC_IIC_Wait_Ack                         0x080016f1   Thumb Code    74  fdc2214.o(i.FDC_IIC_Wait_Ack)
    FDC_Read                                 0x08001745   Thumb Code    68  fdc2214.o(i.FDC_Read)
    GPIO_Init                                0x08001789   Thumb Code   166  stm32f10x_gpio.o(i.GPIO_Init)
    GPIO_PinRemapConfig                      0x08001831   Thumb Code    86  stm32f10x_gpio.o(i.GPIO_PinRemapConfig)
    GPIO_ReadInputDataBit                    0x0800188d   Thumb Code    14  stm32f10x_gpio.o(i.GPIO_ReadInputDataBit)
    GPIO_ResetBits                           0x0800189b   Thumb Code     4  stm32f10x_gpio.o(i.GPIO_ResetBits)
    GPIO_SetBits                             0x0800189f   Thumb Code     4  stm32f10x_gpio.o(i.GPIO_SetBits)
    HardFault_Handler                        0x080018a3   Thumb Code     2  stm32f10x_it.o(i.HardFault_Handler)
    KEY_Init                                 0x080018a5   Thumb Code    34  key.o(i.KEY_Init)
    LED_Init                                 0x080018cd   Thumb Code    48  led.o(i.LED_Init)
    MemManage_Handler                        0x08001905   Thumb Code     2  stm32f10x_it.o(i.MemManage_Handler)
    NMI_Handler                              0x08001907   Thumb Code     2  stm32f10x_it.o(i.NMI_Handler)
    NVIC_Init                                0x08001909   Thumb Code    96  misc.o(i.NVIC_Init)
    NVIC_PriorityGroupConfig                 0x0800196d   Thumb Code    10  misc.o(i.NVIC_PriorityGroupConfig)
    OLED_DLY_ms                              0x08001981   Thumb Code    22  oled.o(i.OLED_DLY_ms)
    OLED_Fill                                0x08001997   Thumb Code    54  oled.o(i.OLED_Fill)
    OLED_Init                                0x080019cd   Thumb Code   302  oled.o(i.OLED_Init)
    OLED_WR_Byte                             0x08001b09   Thumb Code   102  oled.o(i.OLED_WR_Byte)
    OLED_WrCmd                               0x08001b79   Thumb Code    80  oled.o(i.OLED_WrCmd)
    OLED_WrDat                               0x08001bd1   Thumb Code    82  oled.o(i.OLED_WrDat)
    PendSV_Handler                           0x08001c2d   Thumb Code     2  stm32f10x_it.o(i.PendSV_Handler)
    RCC_APB1PeriphClockCmd                   0x08001c31   Thumb Code    22  stm32f10x_rcc.o(i.RCC_APB1PeriphClockCmd)
    RCC_APB2PeriphClockCmd                   0x08001c4d   Thumb Code    22  stm32f10x_rcc.o(i.RCC_APB2PeriphClockCmd)
    RCC_GetClocksFreq                        0x08001c69   Thumb Code   154  stm32f10x_rcc.o(i.RCC_GetClocksFreq)
    SVC_Handler                              0x08001d15   Thumb Code     2  stm32f10x_it.o(i.SVC_Handler)
    Set_FDC2214                              0x08001dcd   Thumb Code    90  fdc2214.o(i.Set_FDC2214)
    SysTick_CLKSourceConfig                  0x08001e27   Thumb Code    28  misc.o(i.SysTick_CLKSourceConfig)
    SysTick_Handler                          0x08001e43   Thumb Code     2  stm32f10x_it.o(i.SysTick_Handler)
    SystemInit                               0x08001e45   Thumb Code    64  system_stm32f10x.o(i.SystemInit)
    TIM3_IRQHandler                          0x08001e95   Thumb Code    30  main.o(i.TIM3_IRQHandler)
    TIM5_Ctrl_Init                           0x08001eb9   Thumb Code    88  timer.o(i.TIM5_Ctrl_Init)
    TIM5_IRQHandler                          0x08001f15   Thumb Code    58  main.o(i.TIM5_IRQHandler)
    TIM_ClearITPendingBit                    0x08001f59   Thumb Code     6  stm32f10x_tim.o(i.TIM_ClearITPendingBit)
    TIM_Cmd                                  0x08001f5f   Thumb Code    24  stm32f10x_tim.o(i.TIM_Cmd)
    TIM_GetITStatus                          0x08001f77   Thumb Code    24  stm32f10x_tim.o(i.TIM_GetITStatus)
    TIM_ITConfig                             0x08001f8f   Thumb Code    20  stm32f10x_tim.o(i.TIM_ITConfig)
    TIM_TimeBaseInit                         0x08001fa5   Thumb Code   114  stm32f10x_tim.o(i.TIM_TimeBaseInit)
    USART1_IRQHandler                        0x08002041   Thumb Code    92  usart.o(i.USART1_IRQHandler)
    USART_Cmd                                0x080020a9   Thumb Code    24  stm32f10x_usart.o(i.USART_Cmd)
    USART_GetITStatus                        0x080020c1   Thumb Code    64  stm32f10x_usart.o(i.USART_GetITStatus)
    USART_ITConfig                           0x08002101   Thumb Code    54  stm32f10x_usart.o(i.USART_ITConfig)
    USART_Init                               0x08002139   Thumb Code   182  stm32f10x_usart.o(i.USART_Init)
    USART_ReceiveData                        0x080021f5   Thumb Code     8  stm32f10x_usart.o(i.USART_ReceiveData)
    UsageFault_Handler                       0x080021fd   Thumb Code     2  stm32f10x_it.o(i.UsageFault_Handler)
    __ARM_fpclassify                         0x080021ff   Thumb Code    40  fpclassify.o(i.__ARM_fpclassify)
    _is_digit                                0x08002227   Thumb Code    14  __printf_wp.o(i._is_digit)
    _sys_exit                                0x08002235   Thumb Code     2  usart.o(i._sys_exit)
    delay_init                               0x08002239   Thumb Code    46  delay.o(i.delay_init)
    delay_ms                                 0x08002275   Thumb Code    46  delay.o(i.delay_ms)
    delay_us                                 0x080022a9   Thumb Code    46  delay.o(i.delay_us)
    fputc                                    0x080022dd   Thumb Code    18  usart.o(i.fputc)
    getmid                                   0x080022f5   Thumb Code   174  main.o(i.getmid)
    main                                     0x080023b5   Thumb Code   342  main.o(i.main)
    uart_init                                0x0800256d   Thumb Code   152  usart.o(i.uart_init)
    _get_lc_numeric                          0x0800260d   Thumb Code    44  lc_numeric_c.o(locale$$code)
    __aeabi_d2f                              0x08002639   Thumb Code     0  d2f.o(x$fpl$d2f)
    _d2f                                     0x08002639   Thumb Code    98  d2f.o(x$fpl$d2f)
    __aeabi_ddiv                             0x0800269d   Thumb Code     0  ddiv.o(x$fpl$ddiv)
    _ddiv                                    0x0800269d   Thumb Code   552  ddiv.o(x$fpl$ddiv)
    __aeabi_ui2d                             0x0800294d   Thumb Code     0  dflt_clz.o(x$fpl$dfltu)
    _dfltu                                   0x0800294d   Thumb Code    38  dflt_clz.o(x$fpl$dfltu)
    __fpl_dnaninf                            0x08002973   Thumb Code   156  dnaninf.o(x$fpl$dnaninf)
    __fpl_dretinf                            0x08002a0f   Thumb Code    12  dretinf.o(x$fpl$dretinf)
    __aeabi_f2d                              0x08002a1d   Thumb Code     0  f2d.o(x$fpl$f2d)
    _f2d                                     0x08002a1d   Thumb Code    86  f2d.o(x$fpl$f2d)
    __aeabi_fadd                             0x08002a75   Thumb Code     0  faddsub_clz.o(x$fpl$fadd)
    _fadd                                    0x08002a75   Thumb Code   196  faddsub_clz.o(x$fpl$fadd)
    __fpl_fcmp_Inf                           0x08002b39   Thumb Code    24  fcmpi.o(x$fpl$fcmpinf)
    __aeabi_fdiv                             0x08002b51   Thumb Code     0  fdiv.o(x$fpl$fdiv)
    _fdiv                                    0x08002b51   Thumb Code   384  fdiv.o(x$fpl$fdiv)
    __aeabi_f2iz                             0x08002cd5   Thumb Code     0  ffix.o(x$fpl$ffix)
    _ffix                                    0x08002cd5   Thumb Code    54  ffix.o(x$fpl$ffix)
    __aeabi_i2f                              0x08002d0d   Thumb Code     0  fflt_clz.o(x$fpl$fflt)
    _fflt                                    0x08002d0d   Thumb Code    48  fflt_clz.o(x$fpl$fflt)
    __aeabi_cfcmple                          0x08002d3d   Thumb Code     0  fleqf.o(x$fpl$fleqf)
    _fcmple                                  0x08002d3d   Thumb Code   104  fleqf.o(x$fpl$fleqf)
    __fpl_fcmple_InfNaN                      0x08002d8f   Thumb Code     0  fleqf.o(x$fpl$fleqf)
    __aeabi_fmul                             0x08002da5   Thumb Code     0  fmul.o(x$fpl$fmul)
    _fmul                                    0x08002da5   Thumb Code   258  fmul.o(x$fpl$fmul)
    __fpl_fnaninf                            0x08002ea7   Thumb Code   140  fnaninf.o(x$fpl$fnaninf)
    __fpl_fretinf                            0x08002f33   Thumb Code    10  fretinf.o(x$fpl$fretinf)
    __aeabi_fsub                             0x08002f3d   Thumb Code     0  faddsub_clz.o(x$fpl$fsub)
    _fsub                                    0x08002f3d   Thumb Code   234  faddsub_clz.o(x$fpl$fsub)
    _printf_fp_dec                           0x08003027   Thumb Code     4  printf1.o(x$fpl$printf1)
    __I$use$fp                               0x0800302a   Number         0  usenofp.o(x$fpl$usenofp)
    Region$$Table$$Base                      0x08003104   Number         0  anon$$obj.o(Region$$Table)
    Region$$Table$$Limit                     0x08003124   Number         0  anon$$obj.o(Region$$Table)
    flag                                     0x20000000   Data           1  main.o(.data)
    key_val                                  0x20000001   Data           1  main.o(.data)
    z                                        0x20000004   Data           4  main.o(.data)
    x                                        0x20000008   Data           4  main.o(.data)
    y                                        0x2000000c   Data           4  main.o(.data)
    o                                        0x20000010   Data           4  main.o(.data)
    p                                        0x20000014   Data           4  main.o(.data)
    q                                        0x20000018   Data           4  main.o(.data)
    res0                                     0x2000001c   Data           4  main.o(.data)
    res1                                     0x20000020   Data           4  main.o(.data)
    res2                                     0x20000024   Data           4  main.o(.data)
    res3                                     0x20000028   Data           4  main.o(.data)
    temp0                                    0x2000002c   Data           4  main.o(.data)
    temp1                                    0x20000030   Data           4  main.o(.data)
    temp2                                    0x20000034   Data           4  main.o(.data)
    temp3                                    0x20000038   Data           4  main.o(.data)
    i                                        0x2000003c   Data           4  main.o(.data)
    da                                       0x20000040   Data           4  main.o(.data)
    SystemCoreClock                          0x20000044   Data           4  system_stm32f10x.o(.data)
    AHBPrescTable                            0x20000048   Data          16  system_stm32f10x.o(.data)
    USART_RX_STA                             0x2000005c   Data           2  usart.o(.data)
    __stdout                                 0x20000060   Data           4  usart.o(.data)
    Data_FDC                                 0x20000078   Data           4  fdc2214.o(.data)
    a                                        0x2000007c   Data         400  main.o(.bss)
    b                                        0x2000020c   Data          40  main.o(.bss)
    c                                        0x20000234   Data          40  main.o(.bss)
    data_max                                 0x2000025c   Data          40  main.o(.bss)
    data_min                                 0x20000284   Data          40  main.o(.bss)
    USART_RX_BUF                             0x200002ac   Data         200  usart.o(.bss)
    __libspace_start                         0x20000374   Data          96  libspace.o(.bss)
    __temporary_stack_top$libspace           0x200003d4   Data           0  libspace.o(.bss)



==============================================================================

Memory Map of the image

  Image Entry point : 0x080001ed

  Load Region LR_1 (Base: 0x08000000, Size: 0x000031bc, Max: 0xffffffff, ABSOLUTE)

    Execution Region ER_RO (Base: 0x08000000, Size: 0x00003140, Max: 0xffffffff, ABSOLUTE)

    Base Addr    Size         Type   Attr      Idx    E Section Name        Object

    0x08000000   0x00000130   Data   RO          406    RESET               startup_stm32f10x_hd.o
    0x08000130   0x00000008   Code   RO         4239  * !!!main             c_w.l(__main.o)
    0x08000138   0x00000034   Code   RO         4522    !!!scatter          c_w.l(__scatter.o)
    0x0800016c   0x0000001a   Code   RO         4524    !!handler_copy      c_w.l(__scatter_copy.o)
    0x08000186   0x00000002   PAD
    0x08000188   0x0000001c   Code   RO         4526    !!handler_zi        c_w.l(__scatter_zi.o)
    0x080001a4   0x00000000   Code   RO         4236    .ARM.Collect$$_printf_percent$$00000000  c_w.l(_printf_percent.o)
    0x080001a4   0x00000006   Code   RO         4235    .ARM.Collect$$_printf_percent$$00000003  c_w.l(_printf_f.o)
    0x080001aa   0x00000006   Code   RO         4234    .ARM.Collect$$_printf_percent$$00000009  c_w.l(_printf_d.o)
    0x080001b0   0x00000004   Code   RO         4308    .ARM.Collect$$_printf_percent$$00000017  c_w.l(_printf_percent_end.o)
    0x080001b4   0x00000002   Code   RO         4400    .ARM.Collect$$libinit$$00000000  c_w.l(libinit.o)
    0x080001b6   0x00000000   Code   RO         4402    .ARM.Collect$$libinit$$00000002  c_w.l(libinit2.o)
    0x080001b6   0x00000000   Code   RO         4404    .ARM.Collect$$libinit$$00000004  c_w.l(libinit2.o)
    0x080001b6   0x00000000   Code   RO         4407    .ARM.Collect$$libinit$$0000000A  c_w.l(libinit2.o)
    0x080001b6   0x00000000   Code   RO         4409    .ARM.Collect$$libinit$$0000000C  c_w.l(libinit2.o)
    0x080001b6   0x00000000   Code   RO         4411    .ARM.Collect$$libinit$$0000000E  c_w.l(libinit2.o)
    0x080001b6   0x00000006   Code   RO         4412    .ARM.Collect$$libinit$$0000000F  c_w.l(libinit2.o)
    0x080001bc   0x00000000   Code   RO         4414    .ARM.Collect$$libinit$$00000011  c_w.l(libinit2.o)
    0x080001bc   0x00000000   Code   RO         4416    .ARM.Collect$$libinit$$00000013  c_w.l(libinit2.o)
    0x080001bc   0x00000000   Code   RO         4418    .ARM.Collect$$libinit$$00000015  c_w.l(libinit2.o)
    0x080001bc   0x0000000a   Code   RO         4419    .ARM.Collect$$libinit$$00000016  c_w.l(libinit2.o)
    0x080001c6   0x00000000   Code   RO         4420    .ARM.Collect$$libinit$$00000017  c_w.l(libinit2.o)
    0x080001c6   0x00000000   Code   RO         4422    .ARM.Collect$$libinit$$00000019  c_w.l(libinit2.o)
    0x080001c6   0x00000000   Code   RO         4424    .ARM.Collect$$libinit$$0000001B  c_w.l(libinit2.o)
    0x080001c6   0x00000000   Code   RO         4426    .ARM.Collect$$libinit$$0000001D  c_w.l(libinit2.o)
    0x080001c6   0x00000000   Code   RO         4428    .ARM.Collect$$libinit$$0000001F  c_w.l(libinit2.o)
    0x080001c6   0x00000000   Code   RO         4430    .ARM.Collect$$libinit$$00000021  c_w.l(libinit2.o)
    0x080001c6   0x00000000   Code   RO         4432    .ARM.Collect$$libinit$$00000023  c_w.l(libinit2.o)
    0x080001c6   0x00000000   Code   RO         4434    .ARM.Collect$$libinit$$00000025  c_w.l(libinit2.o)
    0x080001c6   0x00000000   Code   RO         4438    .ARM.Collect$$libinit$$0000002C  c_w.l(libinit2.o)
    0x080001c6   0x00000000   Code   RO         4440    .ARM.Collect$$libinit$$0000002E  c_w.l(libinit2.o)
    0x080001c6   0x00000000   Code   RO         4442    .ARM.Collect$$libinit$$00000030  c_w.l(libinit2.o)
    0x080001c6   0x00000000   Code   RO         4444    .ARM.Collect$$libinit$$00000032  c_w.l(libinit2.o)
    0x080001c6   0x00000002   Code   RO         4445    .ARM.Collect$$libinit$$00000033  c_w.l(libinit2.o)
    0x080001c8   0x00000002   Code   RO         4473    .ARM.Collect$$libshutdown$$00000000  c_w.l(libshutdown.o)
    0x080001ca   0x00000000   Code   RO         4483    .ARM.Collect$$libshutdown$$00000003  c_w.l(libshutdown2.o)
    0x080001ca   0x00000000   Code   RO         4486    .ARM.Collect$$libshutdown$$00000006  c_w.l(libshutdown2.o)
    0x080001ca   0x00000000   Code   RO         4489    .ARM.Collect$$libshutdown$$00000009  c_w.l(libshutdown2.o)
    0x080001ca   0x00000000   Code   RO         4491    .ARM.Collect$$libshutdown$$0000000B  c_w.l(libshutdown2.o)
    0x080001ca   0x00000000   Code   RO         4494    .ARM.Collect$$libshutdown$$0000000E  c_w.l(libshutdown2.o)
    0x080001ca   0x00000002   Code   RO         4495    .ARM.Collect$$libshutdown$$0000000F  c_w.l(libshutdown2.o)
    0x080001cc   0x00000000   Code   RO         4301    .ARM.Collect$$rtentry$$00000000  c_w.l(__rtentry.o)
    0x080001cc   0x00000000   Code   RO         4323    .ARM.Collect$$rtentry$$00000002  c_w.l(__rtentry2.o)
    0x080001cc   0x00000006   Code   RO         4335    .ARM.Collect$$rtentry$$00000004  c_w.l(__rtentry4.o)
    0x080001d2   0x00000000   Code   RO         4325    .ARM.Collect$$rtentry$$00000009  c_w.l(__rtentry2.o)
    0x080001d2   0x00000004   Code   RO         4326    .ARM.Collect$$rtentry$$0000000A  c_w.l(__rtentry2.o)
    0x080001d6   0x00000000   Code   RO         4328    .ARM.Collect$$rtentry$$0000000C  c_w.l(__rtentry2.o)
    0x080001d6   0x00000008   Code   RO         4329    .ARM.Collect$$rtentry$$0000000D  c_w.l(__rtentry2.o)
    0x080001de   0x00000002   Code   RO         4446    .ARM.Collect$$rtexit$$00000000  c_w.l(rtexit.o)
    0x080001e0   0x00000000   Code   RO         4453    .ARM.Collect$$rtexit$$00000002  c_w.l(rtexit2.o)
    0x080001e0   0x00000004   Code   RO         4454    .ARM.Collect$$rtexit$$00000003  c_w.l(rtexit2.o)
    0x080001e4   0x00000006   Code   RO         4455    .ARM.Collect$$rtexit$$00000004  c_w.l(rtexit2.o)
    0x080001ea   0x00000002   PAD
    0x080001ec   0x00000040   Code   RO          407  * .text               startup_stm32f10x_hd.o
    0x0800022c   0x00000002   Code   RO         4180    .text               c_w.l(use_no_semi_2.o)
    0x0800022e   0x00000002   PAD
    0x08000230   0x00000018   Code   RO         4184    .text               c_w.l(noretval__2printf.o)
    0x08000248   0x0000004e   Code   RO         4188    .text               c_w.l(_printf_pad.o)
    0x08000296   0x00000002   PAD
    0x08000298   0x00000078   Code   RO         4190    .text               c_w.l(_printf_dec.o)
    0x08000310   0x0000010e   Code   RO         4221    .text               c_w.l(__printf_wp.o)
    0x0800041e   0x00000006   Code   RO         4237    .text               c_w.l(heapauxi.o)
    0x08000424   0x00000002   Code   RO         4299    .text               c_w.l(use_no_semi.o)
    0x08000426   0x000000b2   Code   RO         4302    .text               c_w.l(_printf_intcommon.o)
    0x080004d8   0x0000041a   Code   RO         4304    .text               c_w.l(_printf_fp_dec.o)
    0x080008f2   0x00000002   PAD
    0x080008f4   0x00000024   Code   RO         4306    .text               c_w.l(_printf_char_file.o)
    0x08000918   0x00000008   Code   RO         4340    .text               c_w.l(rt_locale_intlibspace.o)
    0x08000920   0x0000008a   Code   RO         4342    .text               c_w.l(lludiv10.o)
    0x080009aa   0x00000002   PAD
    0x080009ac   0x00000030   Code   RO         4344    .text               c_w.l(_printf_char_common.o)
    0x080009dc   0x00000080   Code   RO         4346    .text               c_w.l(_printf_fp_infnan.o)
    0x08000a5c   0x000000dc   Code   RO         4348    .text               c_w.l(bigflt0.o)
    0x08000b38   0x00000008   Code   RO         4373    .text               c_w.l(ferror.o)
    0x08000b40   0x00000008   Code   RO         4384    .text               c_w.l(libspace.o)
    0x08000b48   0x0000004a   Code   RO         4387    .text               c_w.l(sys_stackheap_outer.o)
    0x08000b92   0x0000000c   Code   RO         4391    .text               c_w.l(exit.o)
    0x08000b9e   0x00000002   PAD
    0x08000ba0   0x00000080   Code   RO         4393    .text               c_w.l(strcmpv7m.o)
    0x08000c20   0x0000003e   Code   RO         4351    CL$$btod_d2e        c_w.l(btod.o)
    0x08000c5e   0x00000046   Code   RO         4353    CL$$btod_d2e_denorm_low  c_w.l(btod.o)
    0x08000ca4   0x00000060   Code   RO         4352    CL$$btod_d2e_norm_op1  c_w.l(btod.o)
    0x08000d04   0x00000338   Code   RO         4361    CL$$btod_div_common  c_w.l(btod.o)
    0x0800103c   0x000000c6   Code   RO         4358    CL$$btod_e2e        c_w.l(btod.o)
    0x08001102   0x00000028   Code   RO         4355    CL$$btod_ediv       c_w.l(btod.o)
    0x0800112a   0x00000028   Code   RO         4354    CL$$btod_emul       c_w.l(btod.o)
    0x08001152   0x00000244   Code   RO         4360    CL$$btod_mult_common  c_w.l(btod.o)
    0x08001396   0x00000002   Code   RO          168    i.BusFault_Handler  stm32f10x_it.o
    0x08001398   0x00000034   Code   RO         3805    i.Cap_Calculate     fdc2214.o
    0x080013cc   0x00000002   Code   RO          169    i.DebugMon_Handler  stm32f10x_it.o
    0x080013ce   0x00000070   Code   RO         3806    i.FCD2214_ReadCH    fdc2214.o
    0x0800143e   0x000000de   Code   RO         3807    i.FDC2214_Init      fdc2214.o
    0x0800151c   0x00000002   Code   RO         3808    i.FDC_GPIO_Init     fdc2214.o
    0x0800151e   0x00000002   PAD
    0x08001520   0x00000034   Code   RO         3809    i.FDC_IIC_Ack       fdc2214.o
    0x08001554   0x00000006   Code   RO         3810    i.FDC_IIC_Delay     fdc2214.o
    0x0800155a   0x00000002   PAD
    0x0800155c   0x00000038   Code   RO         3811    i.FDC_IIC_Init      fdc2214.o
    0x08001594   0x00000034   Code   RO         3812    i.FDC_IIC_NAck      fdc2214.o
    0x080015c8   0x00000068   Code   RO         3813    i.FDC_IIC_Read_Byte  fdc2214.o
    0x08001630   0x00000054   Code   RO         3814    i.FDC_IIC_Send_Byte  fdc2214.o
    0x08001684   0x00000034   Code   RO         3815    i.FDC_IIC_Start     fdc2214.o
    0x080016b8   0x00000038   Code   RO         3816    i.FDC_IIC_Stop      fdc2214.o
    0x080016f0   0x00000054   Code   RO         3817    i.FDC_IIC_Wait_Ack  fdc2214.o
    0x08001744   0x00000044   Code   RO         3818    i.FDC_Read          fdc2214.o
    0x08001788   0x000000a6   Code   RO         1562    i.GPIO_Init         stm32f10x_gpio.o
    0x0800182e   0x00000002   PAD
    0x08001830   0x0000005c   Code   RO         1564    i.GPIO_PinRemapConfig  stm32f10x_gpio.o
    0x0800188c   0x0000000e   Code   RO         1566    i.GPIO_ReadInputDataBit  stm32f10x_gpio.o
    0x0800189a   0x00000004   Code   RO         1569    i.GPIO_ResetBits    stm32f10x_gpio.o
    0x0800189e   0x00000004   Code   RO         1570    i.GPIO_SetBits      stm32f10x_gpio.o
    0x080018a2   0x00000002   Code   RO          170    i.HardFault_Handler  stm32f10x_it.o
    0x080018a4   0x00000028   Code   RO         3956    i.KEY_Init          key.o
    0x080018cc   0x00000038   Code   RO         3905    i.LED_Init          led.o
    0x08001904   0x00000002   Code   RO          171    i.MemManage_Handler  stm32f10x_it.o
    0x08001906   0x00000002   Code   RO          172    i.NMI_Handler       stm32f10x_it.o
    0x08001908   0x00000064   Code   RO          411    i.NVIC_Init         misc.o
    0x0800196c   0x00000014   Code   RO          412    i.NVIC_PriorityGroupConfig  misc.o
    0x08001980   0x00000016   Code   RO         3397    i.OLED_DLY_ms       oled.o
    0x08001996   0x00000036   Code   RO         3398    i.OLED_Fill         oled.o
    0x080019cc   0x0000013c   Code   RO         3399    i.OLED_Init         oled.o
    0x08001b08   0x00000070   Code   RO         3415    i.OLED_WR_Byte      oled.o
    0x08001b78   0x00000058   Code   RO         3417    i.OLED_WrCmd        oled.o
    0x08001bd0   0x0000005c   Code   RO         3418    i.OLED_WrDat        oled.o
    0x08001c2c   0x00000002   Code   RO          173    i.PendSV_Handler    stm32f10x_it.o
    0x08001c2e   0x00000002   PAD
    0x08001c30   0x0000001c   Code   RO         1978    i.RCC_APB1PeriphClockCmd  stm32f10x_rcc.o
    0x08001c4c   0x0000001c   Code   RO         1980    i.RCC_APB2PeriphClockCmd  stm32f10x_rcc.o
    0x08001c68   0x000000ac   Code   RO         1988    i.RCC_GetClocksFreq  stm32f10x_rcc.o
    0x08001d14   0x00000002   Code   RO          174    i.SVC_Handler       stm32f10x_it.o
    0x08001d16   0x00000004   Code   RO          257    i.SetSysClock       system_stm32f10x.o
    0x08001d1a   0x00000002   PAD
    0x08001d1c   0x000000b0   Code   RO          258    i.SetSysClockTo72   system_stm32f10x.o
    0x08001dcc   0x0000005a   Code   RO         3819    i.Set_FDC2214       fdc2214.o
    0x08001e26   0x0000001c   Code   RO          415    i.SysTick_CLKSourceConfig  misc.o
    0x08001e42   0x00000002   Code   RO          175    i.SysTick_Handler   stm32f10x_it.o
    0x08001e44   0x00000050   Code   RO          260    i.SystemInit        system_stm32f10x.o
    0x08001e94   0x00000024   Code   RO            1    i.TIM3_IRQHandler   main.o
    0x08001eb8   0x0000005c   Code   RO         3918    i.TIM5_Ctrl_Init    timer.o
    0x08001f14   0x00000044   Code   RO            2    i.TIM5_IRQHandler   main.o
    0x08001f58   0x00000006   Code   RO         2607    i.TIM_ClearITPendingBit  stm32f10x_tim.o
    0x08001f5e   0x00000018   Code   RO         2612    i.TIM_Cmd           stm32f10x_tim.o
    0x08001f76   0x00000018   Code   RO         2633    i.TIM_GetITStatus   stm32f10x_tim.o
    0x08001f8e   0x00000014   Code   RO         2637    i.TIM_ITConfig      stm32f10x_tim.o
    0x08001fa2   0x00000002   PAD
    0x08001fa4   0x0000009c   Code   RO         2683    i.TIM_TimeBaseInit  stm32f10x_tim.o
    0x08002040   0x00000068   Code   RO          346    i.USART1_IRQHandler  usart.o
    0x080020a8   0x00000018   Code   RO         3148    i.USART_Cmd         stm32f10x_usart.o
    0x080020c0   0x00000040   Code   RO         3152    i.USART_GetITStatus  stm32f10x_usart.o
    0x08002100   0x00000036   Code   RO         3154    i.USART_ITConfig    stm32f10x_usart.o
    0x08002136   0x00000002   PAD
    0x08002138   0x000000bc   Code   RO         3155    i.USART_Init        stm32f10x_usart.o
    0x080021f4   0x00000008   Code   RO         3162    i.USART_ReceiveData  stm32f10x_usart.o
    0x080021fc   0x00000002   Code   RO          176    i.UsageFault_Handler  stm32f10x_it.o
    0x080021fe   0x00000028   Code   RO         4382    i.__ARM_fpclassify  m_ws.l(fpclassify.o)
    0x08002226   0x0000000e   Code   RO         4223    i._is_digit         c_w.l(__printf_wp.o)
    0x08002234   0x00000002   Code   RO          348    i._sys_exit         usart.o
    0x08002236   0x00000002   PAD
    0x08002238   0x0000003c   Code   RO          291    i.delay_init        delay.o
    0x08002274   0x00000034   Code   RO          292    i.delay_ms          delay.o
    0x080022a8   0x00000034   Code   RO          293    i.delay_us          delay.o
    0x080022dc   0x00000018   Code   RO          349    i.fputc             usart.o
    0x080022f4   0x000000c0   Code   RO            3    i.getmid            main.o
    0x080023b4   0x000001b8   Code   RO            4    i.main              main.o
    0x0800256c   0x000000a0   Code   RO          350    i.uart_init         usart.o
    0x0800260c   0x0000002c   Code   RO         4378    locale$$code        c_w.l(lc_numeric_c.o)
    0x08002638   0x00000062   Code   RO         4241    x$fpl$d2f           fz_ws.l(d2f.o)
    0x0800269a   0x00000002   PAD
    0x0800269c   0x000002b0   Code   RO         4250    x$fpl$ddiv          fz_ws.l(ddiv.o)
    0x0800294c   0x00000026   Code   RO         4261    x$fpl$dfltu         fz_ws.l(dflt_clz.o)
    0x08002972   0x0000009c   Code   RO         4311    x$fpl$dnaninf       fz_ws.l(dnaninf.o)
    0x08002a0e   0x0000000c   Code   RO         4313    x$fpl$dretinf       fz_ws.l(dretinf.o)
    0x08002a1a   0x00000002   PAD
    0x08002a1c   0x00000056   Code   RO         4271    x$fpl$f2d           fz_ws.l(f2d.o)
    0x08002a72   0x00000002   PAD
    0x08002a74   0x000000c4   Code   RO         4273    x$fpl$fadd          fz_ws.l(faddsub_clz.o)
    0x08002b38   0x00000018   Code   RO         4315    x$fpl$fcmpinf       fz_ws.l(fcmpi.o)
    0x08002b50   0x00000184   Code   RO         4280    x$fpl$fdiv          fz_ws.l(fdiv.o)
    0x08002cd4   0x00000036   Code   RO         4283    x$fpl$ffix          fz_ws.l(ffix.o)
    0x08002d0a   0x00000002   PAD
    0x08002d0c   0x00000030   Code   RO         4288    x$fpl$fflt          fz_ws.l(fflt_clz.o)
    0x08002d3c   0x00000068   Code   RO         4293    x$fpl$fleqf         fz_ws.l(fleqf.o)
    0x08002da4   0x00000102   Code   RO         4295    x$fpl$fmul          fz_ws.l(fmul.o)
    0x08002ea6   0x0000008c   Code   RO         4317    x$fpl$fnaninf       fz_ws.l(fnaninf.o)
    0x08002f32   0x0000000a   Code   RO         4319    x$fpl$fretinf       fz_ws.l(fretinf.o)
    0x08002f3c   0x000000ea   Code   RO         4275    x$fpl$fsub          fz_ws.l(faddsub_clz.o)
    0x08003026   0x00000004   Code   RO         4297    x$fpl$printf1       fz_ws.l(printf1.o)
    0x0800302a   0x00000000   Code   RO         4321    x$fpl$usenofp       fz_ws.l(usenofp.o)
    0x0800302a   0x00000002   PAD
    0x0800302c   0x00000094   Data   RO         4349    .constdata          c_w.l(bigflt0.o)
    0x080030c0   0x00000043   Data   RO           11    .conststring        main.o
    0x08003103   0x00000001   PAD
    0x08003104   0x00000020   Data   RO         4520    Region$$Table       anon$$obj.o
    0x08003124   0x0000001c   Data   RO         4377    locale$$data        c_w.l(lc_numeric_c.o)


    Execution Region ER_RW (Base: 0x20000000, Size: 0x0000007c, Max: 0xffffffff, ABSOLUTE)

    Base Addr    Size         Type   Attr      Idx    E Section Name        Object

    0x20000000   0x00000044   Data   RW           12    .data               main.o
    0x20000044   0x00000014   Data   RW          261    .data               system_stm32f10x.o
    0x20000058   0x00000004   Data   RW          294    .data               delay.o
    0x2000005c   0x00000002   Data   RW          352    .data               usart.o
    0x2000005e   0x00000002   PAD
    0x20000060   0x00000004   Data   RW          353    .data               usart.o
    0x20000064   0x00000014   Data   RW         2008    .data               stm32f10x_rcc.o
    0x20000078   0x00000004   Data   RW         3820    .data               fdc2214.o


    Execution Region ER_ZI (Base: 0x2000007c, Size: 0x0000095c, Max: 0xffffffff, ABSOLUTE)

    Base Addr    Size         Type   Attr      Idx    E Section Name        Object

    0x2000007c   0x00000230   Zero   RW            5    .bss                main.o
    0x200002ac   0x000000c8   Zero   RW          351    .bss                usart.o
    0x20000374   0x00000060   Zero   RW         4385    .bss                c_w.l(libspace.o)
    0x200003d4   0x00000004   PAD
    0x200003d8   0x00000200   Zero   RW          405    HEAP                startup_stm32f10x_hd.o
    0x200005d8   0x00000400   Zero   RW          404    STACK               startup_stm32f10x_hd.o


==============================================================================

Image component sizes


      Code (inc. data)   RO Data    RW Data    ZI Data      Debug   Object Name

       164         26          0          4          0       1507   delay.o
      1092         78          0          4          0       8074   fdc2214.o
        40          6          0          0          0        431   key.o
        56          8          0          0          0        439   led.o
       736        132         67         68        560     256054   main.o
       148         14          0          0          0       1925   misc.o
       684         42          0          0          0       3255   oled.o
        64         26        304          0       1536        752   startup_stm32f10x_hd.o
       280          6          0          0          0       4282   stm32f10x_gpio.o
        18          0          0          0          0       3234   stm32f10x_it.o
       228         30          0         20          0       4362   stm32f10x_rcc.o
       230         42          0          0          0       3406   stm32f10x_tim.o
       338          6          0          0          0       4994   stm32f10x_usart.o
         0          0          0          0          0         32   sys.o
       260         26          0         20          0       1793   system_stm32f10x.o
        92          4          0          0          0        593   timer.o
       290         26          0          6        200       3804   usart.o

    ----------------------------------------------------------------------
      4736        472        404        124       2296     298937   Object Totals
         0          0         32          0          0          0   (incl. Generated)
        16          0          1          2          0          0   (incl. Padding)

    ----------------------------------------------------------------------

      Code (inc. data)   RO Data    RW Data    ZI Data      Debug   Library Member Name

         8          0          0          0          0         68   __main.o
       284          0          0          0          0        156   __printf_wp.o
         0          0          0          0          0          0   __rtentry.o
        12          0          0          0          0          0   __rtentry2.o
         6          0          0          0          0          0   __rtentry4.o
        52          8          0          0          0          0   __scatter.o
        26          0          0          0          0          0   __scatter_copy.o
        28          0          0          0          0          0   __scatter_zi.o
        48          6          0          0          0         96   _printf_char_common.o
        36          4          0          0          0         80   _printf_char_file.o
         6          0          0          0          0          0   _printf_d.o
       120         16          0          0          0         92   _printf_dec.o
         6          0          0          0          0          0   _printf_f.o
      1050          0          0          0          0        216   _printf_fp_dec.o
       128         16          0          0          0         84   _printf_fp_infnan.o
       178          0          0          0          0         88   _printf_intcommon.o
        78          0          0          0          0        108   _printf_pad.o
         0          0          0          0          0          0   _printf_percent.o
         4          0          0          0          0          0   _printf_percent_end.o
       220          4        148          0          0         96   bigflt0.o
      1910        128          0          0          0        672   btod.o
        12          0          0          0          0         72   exit.o
         8          0          0          0          0         68   ferror.o
         6          0          0          0          0        152   heapauxi.o
        44         10         28          0          0         76   lc_numeric_c.o
         2          0          0          0          0          0   libinit.o
        18          0          0          0          0          0   libinit2.o
         2          0          0          0          0          0   libshutdown.o
         2          0          0          0          0          0   libshutdown2.o
         8          4          0          0         96         68   libspace.o
       138          0          0          0          0         80   lludiv10.o
        24          4          0          0          0         84   noretval__2printf.o
         8          4          0          0          0         68   rt_locale_intlibspace.o
         2          0          0          0          0          0   rtexit.o
        10          0          0          0          0          0   rtexit2.o
       128          0          0          0          0         68   strcmpv7m.o
        74          0          0          0          0         80   sys_stackheap_outer.o
         2          0          0          0          0         68   use_no_semi.o
         2          0          0          0          0         68   use_no_semi_2.o
        98          4          0          0          0         92   d2f.o
       688        140          0          0          0        208   ddiv.o
        38          0          0          0          0         68   dflt_clz.o
       156          4          0          0          0         92   dnaninf.o
        12          0          0          0          0         68   dretinf.o
        86          4          0          0          0         84   f2d.o
       430          8          0          0          0        168   faddsub_clz.o
        24          0          0          0          0         68   fcmpi.o
       388         76          0          0          0         96   fdiv.o
        54          4          0          0          0         84   ffix.o
        48          0          0          0          0         68   fflt_clz.o
       104          4          0          0          0         84   fleqf.o
       258          4          0          0          0         84   fmul.o
       140          4          0          0          0         84   fnaninf.o
        10          0          0          0          0         68   fretinf.o
         4          0          0          0          0         68   printf1.o
         0          0          0          0          0          0   usenofp.o
        40          0          0          0          0         68   fpclassify.o

    ----------------------------------------------------------------------
      7292        456        176          0        100       4260   Library Totals
        24          0          0          0          4          0   (incl. Padding)

    ----------------------------------------------------------------------

      Code (inc. data)   RO Data    RW Data    ZI Data      Debug   Library Name

      4690        204        176          0         96       2708   c_w.l
      2538        252          0          0          0       1484   fz_ws.l
        40          0          0          0          0         68   m_ws.l

    ----------------------------------------------------------------------
      7292        456        176          0        100       4260   Library Totals

    ----------------------------------------------------------------------

==============================================================================


      Code (inc. data)   RO Data    RW Data    ZI Data      Debug   

     12028        928        580        124       2396     297525   Grand Totals
     12028        928        580        124       2396     297525   ELF Image Totals
     12028        928        580        124          0          0   ROM Totals

==============================================================================

    Total RO  Size (Code + RO Data)                12608 (  12.31kB)
    Total RW  Size (RW Data + ZI Data)              2520 (   2.46kB)
    Total ROM Size (Code + RO Data + RW Data)      12732 (  12.43kB)

==============================================================================

